Microchip MPLAB XC8 Compiler V2.32

Linker command line:

-W-3 --edf=C:\Program Files\Microchip\xc8\v2.32\pic\dat\en_msgs.txt -cn \
  -h+dist/default/debug\F18444_Rebuild.X.debug.sym \
  --cmf=dist/default/debug\F18444_Rebuild.X.debug.cmf -z -Q16F18444 \
  -oC:\Users\Nicholas\AppData\Local\Temp\xcAsbck.4 --defsym=__MPLAB_BUILD=1 \
  -Mdist/default/debug/F18444_Rebuild.X.debug.map -E1 -ver=XC8 Compiler \
  --acfsm=1493 -ASTACK=020E0h-021EFh -pstack=STACK -ACODE=00h-07FFhx2 \
  -ASTRCODE=00h-0FFFh -ASTRING=00h-0FFhx16 -ACONST=00h-0FFhx16 \
  -AENTRY=00h-0FFhx16 -ACOMMON=070h-07Fh -ABANK0=020h-06Fh \
  -ABANK1=0A0h-0EFh -ABANK2=0120h-016Fh -ABANK3=01A0h-01EFh \
  -ABANK4=0220h-026Fh -ABANK5=02A0h-02EFh -ABANK6=0320h-032Fh \
  -ABIGRAM=02000h-021EFh \
  -ARAM=020h-06Fh,0A0h-0EFh,0120h-016Fh,01A0h-01EFh,0220h-026Fh,02A0h-02EFh,0320h-032Fh \
  -AABS1=020h-07Fh,0A0h-0EFh,0120h-016Fh,01A0h-01EFh,0220h-026Fh,02A0h-02EFh,0320h-032Fh \
  -ASFR0=00h-01Fh -ASFR1=080h-09Fh -ASFR2=0100h-011Fh -ASFR3=0180h-019Fh \
  -ASFR4=0200h-021Fh -ASFR5=0280h-029Fh -ASFR6=0300h-031Fh \
  -ASFR7=0380h-03EFh -ASFR8=0400h-046Fh -ASFR9=0480h-04EFh \
  -ASFR10=0500h-056Fh -ASFR11=0580h-05EFh -ASFR12=0600h-066Fh \
  -ASFR13=0680h-06EFh -ASFR14=0700h-076Fh -ASFR15=0780h-07EFh \
  -ASFR16=0800h-086Fh -ASFR17=0880h-08EFh -ASFR18=0900h-096Fh \
  -ASFR19=0980h-09EFh -ASFR20=0A00h-0A6Fh -ASFR21=0A80h-0AEFh \
  -ASFR22=0B00h-0B6Fh -ASFR23=0B80h-0BEFh -ASFR24=0C00h-0C6Fh \
  -ASFR25=0C80h-0CEFh -ASFR26=0D00h-0D6Fh -ASFR27=0D80h-0DEFh \
  -ASFR28=0E00h-0E6Fh -ASFR29=0E80h-0EEFh -ASFR30=0F00h-0F6Fh \
  -ASFR31=0F80h-0FEFh -ASFR32=01000h-0106Fh -ASFR33=01080h-010EFh \
  -ASFR34=01100h-0116Fh -ASFR35=01180h-011EFh -ASFR36=01200h-0126Fh \
  -ASFR37=01280h-012EFh -ASFR38=01300h-0136Fh -ASFR39=01380h-013EFh \
  -ASFR40=01400h-0146Fh -ASFR41=01480h-014EFh -ASFR42=01500h-0156Fh \
  -ASFR43=01580h-015EFh -ASFR44=01600h-0166Fh -ASFR45=01680h-016EFh \
  -ASFR46=01700h-0176Fh -ASFR47=01780h-017EFh -ASFR48=01800h-0186Fh \
  -ASFR49=01880h-018EFh -ASFR50=01900h-0196Fh -ASFR51=01980h-019EFh \
  -ASFR52=01A00h-01A6Fh -ASFR53=01A80h-01AEFh -ASFR54=01B00h-01B6Fh \
  -ASFR55=01B80h-01BEFh -ASFR56=01C00h-01C6Fh -ASFR57=01C80h-01CEFh \
  -ASFR58=01D00h-01D6Fh -ASFR59=01D80h-01DEFh -ASFR60=01E00h-01E6Fh \
  -ASFR61=01E80h-01EEFh -ASFR62=01F00h-01F6Fh -ASFR63=01F80h-01FEFh \
  -ACONFIG=08007h-0800Bh -DCONFIG=2 -AIDLOC=08000h-08003h -DIDLOC=2 \
  -AEEDATA=00h-0FFh/0F000h -peeprom_data=EEDATA -DEEDATA=2 -DCODE=2 \
  -DSTRCODE=2 -DSTRING=2 -DCONST=2 -DENTRY=2 \
  -preset_vec=00h,intentry=04h,init,end_init -ppowerup=CODE -pcinit=CODE \
  -pfunctab=ENTRY -k C:\Users\Nicholas\AppData\Local\Temp\xcAsbck.o \
  dist/default/debug\F18444_Rebuild.X.debug.o 

Object code version is 3.11

Machine type is 16F18444



                Name                               Link     Load   Length Selector   Space Scale
C:\Users\Nicholas\AppData\Local\Temp\xcAsbck.o
                end_init                             17       17        2        8       0
                reset_vec                             0        0        2        0       0
                config                             8007     8007        5        0       4
dist/default/debug\F18444_Rebuild.X.debug.o
                cinit                                19       19       2C        8       0
                intentry                              4        4       13        8       0
                eeprom_data                           0     F000       78    1E000       3
                config                             8007     8007        5        0       4
                text60                              C45      C45        C     188A       0
                text59                              C51      C51        C     18A2       0
                text58                              C8F      C8F        F     191E       0
                text57                              BE1      BE1        5     17C2       0
                text56                              C3A      C3A        B     1874       0
                text55                              BDD      BDD        4     17BA       0
                text53                              D35      D35       16     1A6A       0
                text52                              C26      C26        A     184C       0
                text51                              D91      D91       1A     1B22       0
                text50                              CC1      CC1       13     1982       0
                text49                              F0F      F0F       36     1E1E       0
                text48                              D61      D61       18     1AC2       0
                text47                              751      751       49        8       0
                text46                              DE2      DE2       1D     1BC4       0
                text45                              FBB      FBB       45     1F76       0
                text44                              EAD      EAD       2F     1D5A       0
                text43                              EDC      EDC       33     1DB8       0
                text42                              C0B      C0B        9     1816       0
                text41                              E1C      E1C       22     1C38       0
                text40                              5B9      5B9       73        8       0
                text39                              2E6      2E6       A2        8       0
                text38                              BD7      BD7        3     17AE       0
                text37                              BDA      BDA        3     17B4       0
                text36                              F45      F45       36     1E8A       0
                text35                              69A      69A       66        8       0
                text34                              540      540       79        8       0
                text33                              CD4      CD4       13     19A8       0
                text32                              BE6      BE6        5     17CC       0
                text31                              C03      C03        8     1806       0
                text30                              CE7      CE7       13     19CE       0
                text29                              DC6      DC6       1C     1B8C       0
                text28                              E85      E85       28     1D0A       0
                text27                              D0D      D0D       14     1A1A       0
                text26                              CAF      CAF       12     195E       0
                text25                              424      424       96        8       0
                text24                              DFF      DFF       1D     1BFE       0
                text23                              C9E      C9E       11     193C       0
                text22                              700      700       51        8       0
                text21                              DAB      DAB       1B     1B56       0
                text20                              388      388       9C        8       0
                text19                              1AC      1AC      13A        8       0
                text18                              62C      62C       6E        8       0
                text17                              C14      C14        9     1828       0
                text16                              C1D      C1D        9     183A       0
                text15                              79A      79A       45        8       0
                text14                              C30      C30        A     1860       0
                text13                              C5D      C5D        C     18BA       0
                text12                              D21      D21       14     1A42       0
                text11                              C81      C81        E     1902       0
                text10                              BEB      BEB        6     17D6       0
                text9                               D4B      D4B       16     1A96       0
                text8                               D79      D79       18     1AF2       0
                text7                                 2        2        2        0       0
                text6                               E61      E61       24     1CC2       0
                text5                               E3E      E3E       23     1C7C       0
                text4                               C69      C69        C     18D2       0
                text3                               CFA      CFA       13     19F4       0
                text2                               4BA      4BA       86        8       0
                text1                               BF1      BF1        6     17E2       0
                maintext                             45       45      167        8       0
                cstackBANK0                          53       53       1D       20       1
                cstackCOMMON                         70       70        C       70       1
                clrtext                             BF7      BF7        6     17EE       0
                inittext                            BFD      BFD        6     17FA       0
                dataBANK2                           120      120       40      120       1
                dataBANK1                            BD       BD        C       A0       1
                bssBANK1                             A0       A0       1D       A0       1
                bssBANK0                             20       20       33       20       1
                bitbssCOMMON                        3E0       7C        7       70       1     8
                bssEEDATA                            7D     F07D        3    1E000       3
                stringtext1                         7DF      7DF       20      FBE       0
                idataEEDATA                          78     F078        5    1E000       3
                idataBANK2                          F7B      F7B       40     1EF6       0
                idataBANK1                          C75      C75        C     18EA       0

TOTAL           Name                               Link     Load   Length     Space
        CLASS   STACK          

        CLASS   CODE           
                end_init                             17       17        2         0
                cinit                                19       19       2C         0
                intentry                              4        4       13         0
                reset_vec                             0        0        2         0
                text60                              C45      C45        C         0
                text59                              C51      C51        C         0
                text58                              C8F      C8F        F         0
                text57                              BE1      BE1        5         0
                text56                              C3A      C3A        B         0
                text55                              BDD      BDD        4         0
                text53                              D35      D35       16         0
                text52                              C26      C26        A         0
                text51                              D91      D91       1A         0
                text50                              CC1      CC1       13         0
                text49                              F0F      F0F       36         0
                text48                              D61      D61       18         0
                text47                              751      751       49         0
                text46                              DE2      DE2       1D         0
                text45                              FBB      FBB       45         0
                text44                              EAD      EAD       2F         0
                text43                              EDC      EDC       33         0
                text42                              C0B      C0B        9         0
                text41                              E1C      E1C       22         0
                text40                              5B9      5B9       73         0
                text39                              2E6      2E6       A2         0
                text38                              BD7      BD7        3         0
                text37                              BDA      BDA        3         0
                text36                              F45      F45       36         0
                text35                              69A      69A       66         0
                text34                              540      540       79         0
                text33                              CD4      CD4       13         0
                text32                              BE6      BE6        5         0
                text31                              C03      C03        8         0
                text30                              CE7      CE7       13         0
                text29                              DC6      DC6       1C         0
                text28                              E85      E85       28         0
                text27                              D0D      D0D       14         0
                text26                              CAF      CAF       12         0
                text25                              424      424       96         0
                text24                              DFF      DFF       1D         0
                text23                              C9E      C9E       11         0
                text22                              700      700       51         0
                text21                              DAB      DAB       1B         0
                text20                              388      388       9C         0
                text19                              1AC      1AC      13A         0
                text18                              62C      62C       6E         0
                text17                              C14      C14        9         0
                text16                              C1D      C1D        9         0
                text15                              79A      79A       45         0
                text14                              C30      C30        A         0
                text13                              C5D      C5D        C         0
                text12                              D21      D21       14         0
                text11                              C81      C81        E         0
                text10                              BEB      BEB        6         0
                text9                               D4B      D4B       16         0
                text8                               D79      D79       18         0
                text7                                 2        2        2         0
                text6                               E61      E61       24         0
                text5                               E3E      E3E       23         0
                text4                               C69      C69        C         0
                text3                               CFA      CFA       13         0
                text2                               4BA      4BA       86         0
                text1                               BF1      BF1        6         0
                maintext                             45       45      167         0
                clrtext                             BF7      BF7        6         0
                inittext                            BFD      BFD        6         0
                idataBANK2                          F7B      F7B       40         0
                idataBANK1                          C75      C75        C         0

        CLASS   STRCODE        
                stringtext1                         7DF      7DF       20         0

        CLASS   STRING         

        CLASS   CONST          

        CLASS   ENTRY          

        CLASS   COMMON         
                cstackCOMMON                         70       70        C         1
                bitbssCOMMON                        3E0       7C        7         1

        CLASS   BANK0          
                cstackBANK0                          53       53       1D         1
                bssBANK0                             20       20       33         1

        CLASS   BANK1          
                dataBANK1                            BD       BD        C         1
                bssBANK1                             A0       A0       1D         1

        CLASS   BANK2          
                dataBANK2                           120      120       40         1

        CLASS   BANK3          

        CLASS   BANK4          

        CLASS   BANK5          

        CLASS   BANK6          

        CLASS   BIGRAM         

        CLASS   RAM            

        CLASS   ABS1           
                abs_s1                               7E       7E        2         1

        CLASS   SFR0           

        CLASS   SFR1           

        CLASS   SFR2           

        CLASS   SFR3           

        CLASS   SFR4           

        CLASS   SFR5           

        CLASS   SFR6           

        CLASS   SFR7           

        CLASS   SFR8           

        CLASS   SFR9           

        CLASS   SFR10          

        CLASS   SFR11          

        CLASS   SFR12          

        CLASS   SFR13          

        CLASS   SFR14          

        CLASS   SFR15          

        CLASS   SFR16          

        CLASS   SFR17          

        CLASS   SFR18          

        CLASS   SFR19          

        CLASS   SFR20          

        CLASS   SFR21          

        CLASS   SFR22          

        CLASS   SFR23          

        CLASS   SFR24          

        CLASS   SFR25          

        CLASS   SFR26          

        CLASS   SFR27          

        CLASS   SFR28          

        CLASS   SFR29          

        CLASS   SFR30          

        CLASS   SFR31          

        CLASS   SFR32          

        CLASS   SFR33          

        CLASS   SFR34          

        CLASS   SFR35          

        CLASS   SFR36          

        CLASS   SFR37          

        CLASS   SFR38          

        CLASS   SFR39          

        CLASS   SFR40          

        CLASS   SFR41          

        CLASS   SFR42          

        CLASS   SFR43          

        CLASS   SFR44          

        CLASS   SFR45          

        CLASS   SFR46          

        CLASS   SFR47          

        CLASS   SFR48          

        CLASS   SFR49          

        CLASS   SFR50          

        CLASS   SFR51          

        CLASS   SFR52          

        CLASS   SFR53          

        CLASS   SFR54          

        CLASS   SFR55          

        CLASS   SFR56          

        CLASS   SFR57          

        CLASS   SFR58          

        CLASS   SFR59          

        CLASS   SFR60          

        CLASS   SFR61          

        CLASS   SFR62          

        CLASS   SFR63          

        CLASS   CONFIG         
                config                             8007     8007        5         4

        CLASS   IDLOC          

        CLASS   EEDATA         
                eeprom_data                           0     F000       78         3
                bssEEDATA                            7D     F07D        3         3
                idataEEDATA                          78     F078        5         3

        CLASS   BANK63         

        CLASS   BANK62         

        CLASS   BANK61         

        CLASS   BANK60         

        CLASS   BANK59         

        CLASS   BANK58         

        CLASS   BANK57         

        CLASS   BANK56         

        CLASS   BANK55         

        CLASS   BANK54         

        CLASS   BANK53         

        CLASS   BANK52         

        CLASS   BANK51         

        CLASS   BANK50         

        CLASS   BANK49         

        CLASS   BANK48         

        CLASS   BANK47         

        CLASS   BANK46         

        CLASS   BANK45         

        CLASS   BANK44         

        CLASS   BANK43         

        CLASS   BANK42         

        CLASS   BANK41         

        CLASS   BANK40         

        CLASS   BANK39         

        CLASS   BANK38         

        CLASS   BANK37         

        CLASS   BANK36         

        CLASS   BANK35         

        CLASS   BANK34         

        CLASS   BANK33         

        CLASS   BANK32         

        CLASS   BANK31         

        CLASS   BANK30         

        CLASS   BANK29         

        CLASS   BANK28         

        CLASS   BANK27         

        CLASS   BANK26         

        CLASS   BANK25         

        CLASS   BANK24         

        CLASS   BANK23         

        CLASS   BANK22         

        CLASS   BANK21         

        CLASS   BANK20         

        CLASS   BANK19         

        CLASS   BANK18         

        CLASS   BANK17         

        CLASS   BANK16         

        CLASS   BANK15         

        CLASS   BANK14         

        CLASS   BANK13         

        CLASS   BANK12         

        CLASS   BANK11         

        CLASS   BANK10         

        CLASS   BANK9          

        CLASS   BANK8          

        CLASS   BANK7          



SEGMENTS        Name                           Load    Length   Top    Selector   Space  Class     Delta

                reset_vec                      000000  000004  000004         0       0  CODE        2
                intentry                       000004  0007DB  0007DF         8       0  CODE        2
                bssBANK0                       000020  000050  000070        20       1  BANK0       1
                cstackCOMMON                   000070  00000D  00007D        70       1  COMMON      1
                bssBANK1                       0000A0  000029  0000C9        A0       1  BANK1       1
                dataBANK2                      000120  000040  000160       120       1  BANK2       1
                stringtext1                    0007DF  000020  0007FF       FBE       0  STRCODE     2
                text38                         000BD7  000003  000BDA      17AE       0  CODE        2
                text37                         000BDA  000003  000BDD      17B4       0  CODE        2
                text55                         000BDD  000004  000BE1      17BA       0  CODE        2
                text57                         000BE1  000005  000BE6      17C2       0  CODE        2
                text32                         000BE6  000005  000BEB      17CC       0  CODE        2
                text10                         000BEB  000006  000BF1      17D6       0  CODE        2
                text1                          000BF1  000006  000BF7      17E2       0  CODE        2
                clrtext                        000BF7  000006  000BFD      17EE       0  CODE        2
                inittext                       000BFD  000006  000C03      17FA       0  CODE        2
                text31                         000C03  000008  000C0B      1806       0  CODE        2
                text42                         000C0B  000009  000C14      1816       0  CODE        2
                text17                         000C14  000009  000C1D      1828       0  CODE        2
                text16                         000C1D  000009  000C26      183A       0  CODE        2
                text52                         000C26  00000A  000C30      184C       0  CODE        2
                text14                         000C30  00000A  000C3A      1860       0  CODE        2
                text56                         000C3A  00000B  000C45      1874       0  CODE        2
                text60                         000C45  00000C  000C51      188A       0  CODE        2
                text59                         000C51  00000C  000C5D      18A2       0  CODE        2
                text13                         000C5D  00000C  000C69      18BA       0  CODE        2
                text4                          000C69  00000C  000C75      18D2       0  CODE        2
                idataBANK1                     000C75  00000C  000C81      18EA       0  CODE        2
                text11                         000C81  00000E  000C8F      1902       0  CODE        2
                text58                         000C8F  00000F  000C9E      191E       0  CODE        2
                text23                         000C9E  000011  000CAF      193C       0  CODE        2
                text26                         000CAF  000012  000CC1      195E       0  CODE        2
                text50                         000CC1  000013  000CD4      1982       0  CODE        2
                text33                         000CD4  000013  000CE7      19A8       0  CODE        2
                text30                         000CE7  000013  000CFA      19CE       0  CODE        2
                text3                          000CFA  000013  000D0D      19F4       0  CODE        2
                text27                         000D0D  000014  000D21      1A1A       0  CODE        2
                text12                         000D21  000014  000D35      1A42       0  CODE        2
                text53                         000D35  000016  000D4B      1A6A       0  CODE        2
                text9                          000D4B  000016  000D61      1A96       0  CODE        2
                text48                         000D61  000018  000D79      1AC2       0  CODE        2
                text8                          000D79  000018  000D91      1AF2       0  CODE        2
                text51                         000D91  00001A  000DAB      1B22       0  CODE        2
                text21                         000DAB  00001B  000DC6      1B56       0  CODE        2
                text29                         000DC6  00001C  000DE2      1B8C       0  CODE        2
                text46                         000DE2  00001D  000DFF      1BC4       0  CODE        2
                text24                         000DFF  00001D  000E1C      1BFE       0  CODE        2
                text41                         000E1C  000022  000E3E      1C38       0  CODE        2
                text5                          000E3E  000023  000E61      1C7C       0  CODE        2
                text6                          000E61  000024  000E85      1CC2       0  CODE        2
                text28                         000E85  000028  000EAD      1D0A       0  CODE        2
                text44                         000EAD  00002F  000EDC      1D5A       0  CODE        2
                text43                         000EDC  000033  000F0F      1DB8       0  CODE        2
                text49                         000F0F  000036  000F45      1E1E       0  CODE        2
                text36                         000F45  000036  000F7B      1E8A       0  CODE        2
                idataBANK2                     000F7B  000040  000FBB      1EF6       0  CODE        2
                text45                         000FBB  000045  001000      1F76       0  CODE        2
                eeprom_data                    00F000  000080  00F080     1E000       3  EEDATA      2


UNUSED ADDRESS RANGES

        Name                Unused          Largest block    Delta
        BANK1            000C9-000EF              27           1
        BANK2            00160-0016F              10           1
        BANK3            001A0-001EF              50           1
        BANK4            00220-0026F              50           1
        BANK5            002A0-002EF              50           1
        BANK6            00320-0032F              10           1
        BIGRAM           02000-021EF             1F0           1
        CODE             007FF-00BD6               1           2
        COMMON           0007D-0007D               1           1
        CONST            007FF-00BD6             100           2
        EEDATA           0F080-0F0FF              80           2
        ENTRY            007FF-00BD6             100           2
        IDLOC            08000-08003               4           2
        RAM              000C9-000EF              27           1
                         00160-0016F              10
                         001A0-001EF              50
                         00220-0026F              50
                         002A0-002EF              50
                         00320-0032F              10
        SFR0             00000-0001F              20           1
        SFR1             00080-0009F              20           1
        SFR10            00500-0056F              70           1
        SFR11            00580-005EF              70           1
        SFR12            00600-0066F              70           1
        SFR13            00680-006EF              70           1
        SFR14            00700-0076F              70           1
        SFR15            00780-007EF              70           1
        SFR16            00800-0086F              70           1
        SFR17            00880-008EF              70           1
        SFR18            00900-0096F              70           1
        SFR19            00980-009EF              70           1
        SFR2             00100-0011F              20           1
        SFR20            00A00-00A6F              70           1
        SFR21            00A80-00AEF              70           1
        SFR22            00B00-00B6F              70           1
        SFR23            00B80-00BEF              70           1
        SFR24            00C00-00C6F              70           1
        SFR25            00C80-00CEF              70           1
        SFR26            00D00-00D6F              70           1
        SFR27            00D80-00DEF              70           1
        SFR28            00E00-00E6F              70           1
        SFR29            00E80-00EEF              70           1
        SFR3             00180-0019F              20           1
        SFR30            00F00-00F6F              70           1
        SFR31            00F80-00FEF              70           1
        SFR32            01000-0106F              70           1
        SFR33            01080-010EF              70           1
        SFR34            01100-0116F              70           1
        SFR35            01180-011EF              70           1
        SFR36            01200-0126F              70           1
        SFR37            01280-012EF              70           1
        SFR38            01300-0136F              70           1
        SFR39            01380-013EF              70           1
        SFR4             00200-0021F              20           1
        SFR40            01400-0146F              70           1
        SFR41            01480-014EF              70           1
        SFR42            01500-0156F              70           1
        SFR43            01580-015EF              70           1
        SFR44            01600-0166F              70           1
        SFR45            01680-016EF              70           1
        SFR46            01700-0176F              70           1
        SFR47            01780-017EF              70           1
        SFR48            01800-0186F              70           1
        SFR49            01880-018EF              70           1
        SFR5             00280-0029F              20           1
        SFR50            01900-0196F              70           1
        SFR51            01980-019EF              70           1
        SFR52            01A00-01A6F              70           1
        SFR53            01A80-01AEF              70           1
        SFR54            01B00-01B6F              70           1
        SFR55            01B80-01BEF              70           1
        SFR56            01C00-01C6F              70           1
        SFR57            01C80-01CEF              70           1
        SFR58            01D00-01D6F              70           1
        SFR59            01D80-01DEF              70           1
        SFR6             00300-0031F              20           1
        SFR60            01E00-01E6F              70           1
        SFR61            01E80-01EEF              70           1
        SFR62            01F00-01F6F              70           1
        SFR63            01F80-01FEF              70           1
        SFR7             00380-003EF              70           1
        SFR8             00400-0046F              70           1
        SFR9             00480-004EF              70           1
        STACK            020E0-021EF             110           1
        STRCODE          007FF-00BD6             3D8           2
        STRING           007FF-00BD6             100           2

                                  Symbol Table

?_TMR0_ReadTimer                                 cstackCOMMON 00071
?___awdiv                                        cstackCOMMON 00077
?___awmod                                        cstackBANK0  0005D
?___eetoi                                        cstackCOMMON 00076
?___lmul                                         cstackCOMMON 00071
?___wmul                                         cstackCOMMON 00071
?_rand                                           cstackBANK0  00057
BCD2Bin@input                                    cstackCOMMON 00072
BCDSetInc@i2creg                                 cstackBANK0  00062
BCDSetInc@max                                    cstackBANK0  00063
BCDSetInc@min                                    cstackBANK0  00061
BCDSetInc@value                                  cstackBANK0  00064
Buttons@presstime                                cstackCOMMON 00072
DMDisplay@seedadr                                cstackBANK0  00067
EEPROMBufferFill@addr                            cstackCOMMON 00073
EEPROM_Read@addr                                 cstackCOMMON 00071
EEPROM_Write@addr                                cstackCOMMON 00072
EEPROM_Write@data                                cstackCOMMON 00071
I2COpen@regptr                                   cstackCOMMON 00073
I2CRead@receiveddata                             cstackCOMMON 00076
I2CRead@reg                                      cstackCOMMON 00075
I2CWrite@data                                    cstackBANK0  00060
I2CWrite@reg                                     cstackCOMMON 00074
Loader@F11221                                    dataBANK1    000BD
Loader@regp                                      cstackBANK0  0005F
Loader@shftregpln                                cstackBANK0  00053
NumSplit@input                                   cstackCOMMON 00072
OtherSetInc@eeaddr                               cstackBANK0  00061
OtherSetInc@max                                  cstackBANK0  00067
OtherSetInc@min                                  cstackBANK0  00060
OtherSetInc@value                                cstackBANK0  00062
PWM6_LoadDutyValue@dutyValue                     cstackBANK0  00057
RandomNum@rand_num                               cstackBANK0  00063
RandomNum@upper                                  cstackBANK0  00062
RandomWL@WLtype                                  cstackBANK0  00065
SplitLoad@first                                  cstackCOMMON 00072
TMR0_ReadTimer@readVal                           cstackCOMMON 00078
TMR0_ReadTimer@readValHigh                       cstackCOMMON 0007B
TMR0_ReadTimer@readValLow                        cstackCOMMON 0007A
TMR4_SetInterruptHandler@InterruptHandler        cstackCOMMON 00071
TubeValuePicker@start                            cstackCOMMON 00075
_ANSELA                                          (abs)        01F38
_ANSELB                                          (abs)        01F43
_ANSELC                                          (abs)        01F4E
_Action                                          bitbssCOMMON 003E5
_AnimBuf                                         bssBANK0     00028
_BCD2Bin                                         text33       00CD4
_BCDSetInc                                       text25       00424
_BCDSplit                                        bssBANK0     00038
_BlankEnd                                        bssBANK0     00048
_BlankEndStore                                   idataEEDATA  00078
_BlankStart                                      bssBANK0     00049
_BlankStartStore                                 idataEEDATA  00079
_Brightness                                      bssBANK0     00051
_BrightnessStore                                 idataEEDATA  0007B
_Buttons                                         text36       00F45
_CCPTMRS1bits                                    (abs)        0021F
_DMDisplay                                       text34       00540
_DateDisplay                                     text18       0062C
_DateFormat                                      bssBANK0     00052
_DateFormatStore                                 bssEEDATA    0007F
_DisplayBuf                                      bssBANK0     00030
_DisplayBufSave                                  text53       00D35
_DisplaySave                                     bssBANK0     00020
_EEPROMBufferFill                                text51       00D91
_EEPROM_Read                                     text52       00C26
_EEPROM_Write                                    text24       00DFF
_EmptyTubes                                      text50       00CC1
_FixedWL                                         text40       005B9
_GoDM                                            bitbssCOMMON 003E3
_GoDate                                          bitbssCOMMON 003E4
_HourType                                        bssBANK0     00050
_HourTypeStore                                   idataEEDATA  0007A
_I2C1_CallbackReturnReset                        (abs)        00000
_I2C1_CallbackReturnStop                         (abs)        00000
_I2C1_DO_ADDRESS_NACK                            (abs)        00000
_I2C1_DO_IDLE                                    (abs)        00000
_I2C1_DO_RCEN                                    (abs)        00000
_I2C1_DO_RESET                                   (abs)        00000
_I2C1_DO_RX                                      (abs)        00000
_I2C1_DO_RX_ACK                                  (abs)        00000
_I2C1_DO_RX_NACK_RESTART                         (abs)        00000
_I2C1_DO_RX_NACK_STOP                            (abs)        00000
_I2C1_DO_SEND_ADR_READ                           (abs)        00000
_I2C1_DO_SEND_ADR_WRITE                          (abs)        00000
_I2C1_DO_SEND_RESTART                            (abs)        00000
_I2C1_DO_SEND_RESTART_READ                       (abs)        00000
_I2C1_DO_SEND_RESTART_WRITE                      (abs)        00000
_I2C1_DO_SEND_STOP                               (abs)        00000
_I2C1_DO_TX                                      (abs)        00000
_I2C1_DO_TX_EMPTY                                (abs)        00000
_I2C1_Initialize                                 text17       00C14
_I2C1_Status                                     bssBANK1     000A0
_I2CClose                                        text31       00C03
_I2CFail                                         text30       00CE7
_I2CIrqWait                                      text32       00BE6
_I2COpen                                         text29       00DC6
_I2CRead                                         text28       00E85
_I2CWrite                                        text27       00D0D
_INLVLA                                          (abs)        01F3C
_INLVLB                                          (abs)        01F47
_INLVLC                                          (abs)        01F52
_INTCONbits                                      (abs)        0000B
_INTERRUPT_InterruptManager                      intentry     00004
_IOCCFbits                                       (abs)        01F55
_IOCCNbits                                       (abs)        01F54
_IOCCPbits                                       (abs)        01F53
_LATA                                            (abs)        00018
_LATAbits                                        (abs)        00018
_LATB                                            (abs)        00019
_LATBbits                                        (abs)        00019
_LATC                                            (abs)        0001A
_LATCbits                                        (abs)        0001A
_Loader                                          text49       00F0F
_NVMADRH                                         (abs)        0081B
_NVMADRL                                         (abs)        0081A
_NVMCON1bits                                     (abs)        0081E
_NVMCON2                                         (abs)        0081F
_NVMDATH                                         (abs)        0081D
_NVMDATL                                         (abs)        0081C
_NegWL                                           bitbssCOMMON 003E6
_NumSplit                                        text23       00C9E
_ODCONA                                          (abs)        01F3A
_ODCONB                                          (abs)        01F45
_ODCONC                                          (abs)        01F50
_OSCCON1                                         (abs)        0088D
_OSCCON3                                         (abs)        0088F
_OSCEN                                           (abs)        00891
_OSCFRQ                                          (abs)        00893
_OSCILLATOR_Initialize                           text16       00C1D
_OSCTUNE                                         (abs)        00892
_OldSet                                          bssBANK0     00046
_OtherSetInc                                     text20       00388
_PIE0bits                                        (abs)        00716
_PIE3bits                                        (abs)        00719
_PIE4bits                                        (abs)        0071A
_PIN_MANAGER_IOC                                 text58       00C8F
_PIN_MANAGER_Initialize                          text15       0079A
_PIR0bits                                        (abs)        0070C
_PIR3bits                                        (abs)        0070F
_PIR4bits                                        (abs)        00710
_PMD0                                            (abs)        00796
_PMD1                                            (abs)        00797
_PMD2                                            (abs)        00798
_PMD3                                            (abs)        00799
_PMD4                                            (abs)        0079A
_PMD5                                            (abs)        0079B
_PMD6                                            (abs)        0079C
_PMD7                                            (abs)        0079D
_PMD_Initialize                                  text14       00C30
_PORTCbits                                       (abs)        0000E
_PWM6CON                                         (abs)        0038E
_PWM6CONbits                                     (abs)        0038E
_PWM6DCH                                         (abs)        0038D
_PWM6DCL                                         (abs)        0038C
_PWM6_Initialize                                 text13       00C5D
_PWM6_LoadDutyValue                              text48       00D61
_Pos                                             bssBANK0     0004B
_Pulse                                           text47       00751
_RB4PPS                                          (abs)        01F1C
_RB6PPS                                          (abs)        01F1E
_RC4PPS                                          (abs)        01F24
_RandomNum                                       text41       00E1C
_RandomWL                                        text39       002E6
_RunLength                                       dataBANK2    00120
_SLRCONA                                         (abs)        01F3B
_SLRCONB                                         (abs)        01F46
_SLRCONC                                         (abs)        01F51
_SSP1ADD                                         (abs)        0018D
_SSP1BUF                                         (abs)        0018C
_SSP1CLKPPS                                      (abs)        01EC5
_SSP1CON1                                        (abs)        00190
_SSP1CON1bits                                    (abs)        00190
_SSP1CON2                                        (abs)        00191
_SSP1CON2bits                                    (abs)        00191
_SSP1DATPPS                                      (abs)        01EC6
_SSP1STAT                                        (abs)        0018F
_STATUSbits                                      (abs)        00003
_SW1Interrupt                                    text60       00C45
_SW2Interrupt                                    text59       00C51
_SYSTEM_Initialize                               text8        00D79
_Settings                                        text19       001AC
_SplitLoad                                       text26       00CAF
_Startup                                         text2        004BA
_StartupDone                                     bitbssCOMMON 003E0
_T0CON0                                          (abs)        0059E
_T0CON0bits                                      (abs)        0059E
_T0CON1                                          (abs)        0059F
_T2CLKCON                                        (abs)        00290
_T2CON                                           (abs)        0028E
_T2HLT                                           (abs)        0028F
_T2PR                                            (abs)        0028D
_T2RST                                           (abs)        00291
_T2TMR                                           (abs)        0028C
_T4CLKCON                                        (abs)        00296
_T4CON                                           (abs)        00294
_T4CONbits                                       (abs)        00294
_T4HLT                                           (abs)        00295
_T4PR                                            (abs)        00293
_T4RST                                           (abs)        00297
_T4TMR                                           (abs)        00292
_TMR0H                                           (abs)        0059D
_TMR0L                                           (abs)        0059C
_TMR0_Initialize                                 text12       00D21
_TMR0_ReadTimer                                  text46       00DE2
_TMR0_StartTimer                                 text7        00002
_TMR2_Initialize                                 text11       00C81
_TMR4_CallBack                                   text56       00C3A
_TMR4_DefaultInterruptHandler                    text57       00BE1
_TMR4_ISR                                        text55       00BDD
_TMR4_Initialize                                 text9        00D4B
_TMR4_InterruptHandler                           bssBANK0     0003C
_TMR4_SetInterruptHandler                        text10       00BEB
_TMR4_Start                                      text38       00BD7
_TMR4_Stop                                       text37       00BDA
_TRISA                                           (abs)        00012
_TRISB                                           (abs)        00013
_TRISC                                           (abs)        00014
_Temp                                            bssBANK0     00047
_TimeAdj                                         bssBANK0     0003A
_TimeAdjStore                                    bssEEDATA    0007D
_TimeFast                                        bssBANK0     0004A
_TimeFastStore                                   idataEEDATA  0007C
_TimeSet                                         bitbssCOMMON 003E1
_Toggle                                          bitbssCOMMON 003E2
_TubeValuePicker                                 text35       0069A
_TubesOff                                        text1        00BF1
_TubesOn                                         text6        00E61
_WPUA                                            (abs)        01F39
_WPUB                                            (abs)        01F44
_WPUC                                            (abs)        01F4F
__Beeprom_data                                   eeprom_data  0F000
__Habs1                                          abs1         00000
__Hbank0                                         bank0        00000
__Hbank1                                         bank1        00000
__Hbank10                                        bank10       00000
__Hbank11                                        bank11       00000
__Hbank12                                        bank12       00000
__Hbank13                                        bank13       00000
__Hbank14                                        bank14       00000
__Hbank15                                        bank15       00000
__Hbank16                                        bank16       00000
__Hbank17                                        bank17       00000
__Hbank18                                        bank18       00000
__Hbank19                                        bank19       00000
__Hbank2                                         bank2        00000
__Hbank20                                        bank20       00000
__Hbank21                                        bank21       00000
__Hbank22                                        bank22       00000
__Hbank23                                        bank23       00000
__Hbank24                                        bank24       00000
__Hbank25                                        bank25       00000
__Hbank26                                        bank26       00000
__Hbank27                                        bank27       00000
__Hbank28                                        bank28       00000
__Hbank29                                        bank29       00000
__Hbank3                                         bank3        00000
__Hbank30                                        bank30       00000
__Hbank31                                        bank31       00000
__Hbank32                                        bank32       00000
__Hbank33                                        bank33       00000
__Hbank34                                        bank34       00000
__Hbank35                                        bank35       00000
__Hbank36                                        bank36       00000
__Hbank37                                        bank37       00000
__Hbank38                                        bank38       00000
__Hbank39                                        bank39       00000
__Hbank4                                         bank4        00000
__Hbank40                                        bank40       00000
__Hbank41                                        bank41       00000
__Hbank42                                        bank42       00000
__Hbank43                                        bank43       00000
__Hbank44                                        bank44       00000
__Hbank45                                        bank45       00000
__Hbank46                                        bank46       00000
__Hbank47                                        bank47       00000
__Hbank48                                        bank48       00000
__Hbank49                                        bank49       00000
__Hbank5                                         bank5        00000
__Hbank50                                        bank50       00000
__Hbank51                                        bank51       00000
__Hbank52                                        bank52       00000
__Hbank53                                        bank53       00000
__Hbank54                                        bank54       00000
__Hbank55                                        bank55       00000
__Hbank56                                        bank56       00000
__Hbank57                                        bank57       00000
__Hbank58                                        bank58       00000
__Hbank59                                        bank59       00000
__Hbank6                                         bank6        00000
__Hbank60                                        bank60       00000
__Hbank61                                        bank61       00000
__Hbank62                                        bank62       00000
__Hbank63                                        bank63       00000
__Hbank7                                         bank7        00000
__Hbank8                                         bank8        00000
__Hbank9                                         bank9        00000
__Hbigram                                        bigram       00000
__HbitbssCOMMON                                  bitbssCOMMON 00000
__HbssBANK0                                      bssBANK0     00000
__HbssBANK1                                      bssBANK1     00000
__HbssEEDATA                                     bssEEDATA    00000
__Hcinit                                         cinit        00045
__Hclrtext                                       clrtext      00000
__Hcode                                          code         00000
__Hcommon                                        common       00000
__Hconfig                                        config       0800C
__HcstackBANK0                                   cstackBANK0  00000
__HcstackCOMMON                                  cstackCOMMON 00000
__HdataBANK1                                     dataBANK1    00000
__HdataBANK2                                     dataBANK2    00000
__HdataEEDATA                                    dataEEDATA   00000
__Heeprom_data                                   eeprom_data  00078
__Hend_init                                      end_init     00019
__Hfunctab                                       functab      00000
__HidataBANK1                                    idataBANK1   00000
__HidataBANK2                                    idataBANK2   00000
__HidataEEDATA                                   idataEEDATA  00000
__Hinit                                          init         00017
__Hinittext                                      inittext     00000
__Hintentry                                      intentry     00017
__Hmaintext                                      maintext     00000
__Hpowerup                                       powerup      00000
__Hram                                           ram          00000
__Hreset_vec                                     reset_vec    00002
__Hsfr0                                          sfr0         00000
__Hsfr1                                          sfr1         00000
__Hsfr10                                         sfr10        00000
__Hsfr11                                         sfr11        00000
__Hsfr12                                         sfr12        00000
__Hsfr13                                         sfr13        00000
__Hsfr14                                         sfr14        00000
__Hsfr15                                         sfr15        00000
__Hsfr16                                         sfr16        00000
__Hsfr17                                         sfr17        00000
__Hsfr18                                         sfr18        00000
__Hsfr19                                         sfr19        00000
__Hsfr2                                          sfr2         00000
__Hsfr20                                         sfr20        00000
__Hsfr21                                         sfr21        00000
__Hsfr22                                         sfr22        00000
__Hsfr23                                         sfr23        00000
__Hsfr24                                         sfr24        00000
__Hsfr25                                         sfr25        00000
__Hsfr26                                         sfr26        00000
__Hsfr27                                         sfr27        00000
__Hsfr28                                         sfr28        00000
__Hsfr29                                         sfr29        00000
__Hsfr3                                          sfr3         00000
__Hsfr30                                         sfr30        00000
__Hsfr31                                         sfr31        00000
__Hsfr32                                         sfr32        00000
__Hsfr33                                         sfr33        00000
__Hsfr34                                         sfr34        00000
__Hsfr35                                         sfr35        00000
__Hsfr36                                         sfr36        00000
__Hsfr37                                         sfr37        00000
__Hsfr38                                         sfr38        00000
__Hsfr39                                         sfr39        00000
__Hsfr4                                          sfr4         00000
__Hsfr40                                         sfr40        00000
__Hsfr41                                         sfr41        00000
__Hsfr42                                         sfr42        00000
__Hsfr43                                         sfr43        00000
__Hsfr44                                         sfr44        00000
__Hsfr45                                         sfr45        00000
__Hsfr46                                         sfr46        00000
__Hsfr47                                         sfr47        00000
__Hsfr48                                         sfr48        00000
__Hsfr49                                         sfr49        00000
__Hsfr5                                          sfr5         00000
__Hsfr50                                         sfr50        00000
__Hsfr51                                         sfr51        00000
__Hsfr52                                         sfr52        00000
__Hsfr53                                         sfr53        00000
__Hsfr54                                         sfr54        00000
__Hsfr55                                         sfr55        00000
__Hsfr56                                         sfr56        00000
__Hsfr57                                         sfr57        00000
__Hsfr58                                         sfr58        00000
__Hsfr59                                         sfr59        00000
__Hsfr6                                          sfr6         00000
__Hsfr60                                         sfr60        00000
__Hsfr61                                         sfr61        00000
__Hsfr62                                         sfr62        00000
__Hsfr63                                         sfr63        00000
__Hsfr7                                          sfr7         00000
__Hsfr8                                          sfr8         00000
__Hsfr9                                          sfr9         00000
__Hspace_0                                       (abs)        01000
__Hspace_1                                       (abs)        003E7
__Hspace_2                                       (abs)        00000
__Hspace_3                                       (abs)        00080
__Hspace_4                                       (abs)        10013
__Hstack                                         stack        00000
__Hstrings                                       strings      00000
__Hstringtext1                                   stringtext1  00000
__Htext                                          text         00000
__Labs1                                          abs1         00000
__Lbank0                                         bank0        00000
__Lbank1                                         bank1        00000
__Lbank10                                        bank10       00000
__Lbank11                                        bank11       00000
__Lbank12                                        bank12       00000
__Lbank13                                        bank13       00000
__Lbank14                                        bank14       00000
__Lbank15                                        bank15       00000
__Lbank16                                        bank16       00000
__Lbank17                                        bank17       00000
__Lbank18                                        bank18       00000
__Lbank19                                        bank19       00000
__Lbank2                                         bank2        00000
__Lbank20                                        bank20       00000
__Lbank21                                        bank21       00000
__Lbank22                                        bank22       00000
__Lbank23                                        bank23       00000
__Lbank24                                        bank24       00000
__Lbank25                                        bank25       00000
__Lbank26                                        bank26       00000
__Lbank27                                        bank27       00000
__Lbank28                                        bank28       00000
__Lbank29                                        bank29       00000
__Lbank3                                         bank3        00000
__Lbank30                                        bank30       00000
__Lbank31                                        bank31       00000
__Lbank32                                        bank32       00000
__Lbank33                                        bank33       00000
__Lbank34                                        bank34       00000
__Lbank35                                        bank35       00000
__Lbank36                                        bank36       00000
__Lbank37                                        bank37       00000
__Lbank38                                        bank38       00000
__Lbank39                                        bank39       00000
__Lbank4                                         bank4        00000
__Lbank40                                        bank40       00000
__Lbank41                                        bank41       00000
__Lbank42                                        bank42       00000
__Lbank43                                        bank43       00000
__Lbank44                                        bank44       00000
__Lbank45                                        bank45       00000
__Lbank46                                        bank46       00000
__Lbank47                                        bank47       00000
__Lbank48                                        bank48       00000
__Lbank49                                        bank49       00000
__Lbank5                                         bank5        00000
__Lbank50                                        bank50       00000
__Lbank51                                        bank51       00000
__Lbank52                                        bank52       00000
__Lbank53                                        bank53       00000
__Lbank54                                        bank54       00000
__Lbank55                                        bank55       00000
__Lbank56                                        bank56       00000
__Lbank57                                        bank57       00000
__Lbank58                                        bank58       00000
__Lbank59                                        bank59       00000
__Lbank6                                         bank6        00000
__Lbank60                                        bank60       00000
__Lbank61                                        bank61       00000
__Lbank62                                        bank62       00000
__Lbank63                                        bank63       00000
__Lbank7                                         bank7        00000
__Lbank8                                         bank8        00000
__Lbank9                                         bank9        00000
__Lbigram                                        bigram       00000
__LbitbssCOMMON                                  bitbssCOMMON 00000
__LbssBANK0                                      bssBANK0     00000
__LbssBANK1                                      bssBANK1     00000
__LbssEEDATA                                     bssEEDATA    00000
__Lcinit                                         cinit        00019
__Lclrtext                                       clrtext      00000
__Lcode                                          code         00000
__Lcommon                                        common       00000
__Lconfig                                        config       00000
__LcstackBANK0                                   cstackBANK0  00000
__LcstackCOMMON                                  cstackCOMMON 00000
__LdataBANK1                                     dataBANK1    00000
__LdataBANK2                                     dataBANK2    00000
__LdataEEDATA                                    dataEEDATA   00000
__Leeprom_data                                   eeprom_data  00000
__Lend_init                                      end_init     00017
__Lfunctab                                       functab      00000
__LidataBANK1                                    idataBANK1   00000
__LidataBANK2                                    idataBANK2   00000
__LidataEEDATA                                   idataEEDATA  00000
__Linit                                          init         00017
__Linittext                                      inittext     00000
__Lintentry                                      intentry     00004
__Lmaintext                                      maintext     00000
__Lpowerup                                       powerup      00000
__Lram                                           ram          00000
__Lreset_vec                                     reset_vec    00000
__Lsfr0                                          sfr0         00000
__Lsfr1                                          sfr1         00000
__Lsfr10                                         sfr10        00000
__Lsfr11                                         sfr11        00000
__Lsfr12                                         sfr12        00000
__Lsfr13                                         sfr13        00000
__Lsfr14                                         sfr14        00000
__Lsfr15                                         sfr15        00000
__Lsfr16                                         sfr16        00000
__Lsfr17                                         sfr17        00000
__Lsfr18                                         sfr18        00000
__Lsfr19                                         sfr19        00000
__Lsfr2                                          sfr2         00000
__Lsfr20                                         sfr20        00000
__Lsfr21                                         sfr21        00000
__Lsfr22                                         sfr22        00000
__Lsfr23                                         sfr23        00000
__Lsfr24                                         sfr24        00000
__Lsfr25                                         sfr25        00000
__Lsfr26                                         sfr26        00000
__Lsfr27                                         sfr27        00000
__Lsfr28                                         sfr28        00000
__Lsfr29                                         sfr29        00000
__Lsfr3                                          sfr3         00000
__Lsfr30                                         sfr30        00000
__Lsfr31                                         sfr31        00000
__Lsfr32                                         sfr32        00000
__Lsfr33                                         sfr33        00000
__Lsfr34                                         sfr34        00000
__Lsfr35                                         sfr35        00000
__Lsfr36                                         sfr36        00000
__Lsfr37                                         sfr37        00000
__Lsfr38                                         sfr38        00000
__Lsfr39                                         sfr39        00000
__Lsfr4                                          sfr4         00000
__Lsfr40                                         sfr40        00000
__Lsfr41                                         sfr41        00000
__Lsfr42                                         sfr42        00000
__Lsfr43                                         sfr43        00000
__Lsfr44                                         sfr44        00000
__Lsfr45                                         sfr45        00000
__Lsfr46                                         sfr46        00000
__Lsfr47                                         sfr47        00000
__Lsfr48                                         sfr48        00000
__Lsfr49                                         sfr49        00000
__Lsfr5                                          sfr5         00000
__Lsfr50                                         sfr50        00000
__Lsfr51                                         sfr51        00000
__Lsfr52                                         sfr52        00000
__Lsfr53                                         sfr53        00000
__Lsfr54                                         sfr54        00000
__Lsfr55                                         sfr55        00000
__Lsfr56                                         sfr56        00000
__Lsfr57                                         sfr57        00000
__Lsfr58                                         sfr58        00000
__Lsfr59                                         sfr59        00000
__Lsfr6                                          sfr6         00000
__Lsfr60                                         sfr60        00000
__Lsfr61                                         sfr61        00000
__Lsfr62                                         sfr62        00000
__Lsfr63                                         sfr63        00000
__Lsfr7                                          sfr7         00000
__Lsfr8                                          sfr8         00000
__Lsfr9                                          sfr9         00000
__Lspace_0                                       (abs)        00000
__Lspace_1                                       (abs)        00000
__Lspace_2                                       (abs)        00000
__Lspace_3                                       (abs)        00000
__Lspace_4                                       (abs)        00000
__Lstack                                         stack        00000
__Lstrings                                       strings      00000
__Lstringtext1                                   stringtext1  00000
__Ltext                                          text         00000
__S0                                             (abs)        01000
__S1                                             (abs)        00160
__S2                                             (abs)        00000
__S3                                             (abs)        0F080
___awdiv                                         text22       00700
___awdiv@counter                                 cstackBANK0  00053
___awdiv@dividend                                cstackCOMMON 00079
___awdiv@divisor                                 cstackCOMMON 00077
___awdiv@quotient                                cstackBANK0  00055
___awdiv@sign                                    cstackBANK0  00054
___awmod                                         text45       00FBB
___awmod@counter                                 cstackCOMMON 0007A
___awmod@dividend                                cstackBANK0  0005F
___awmod@divisor                                 cstackBANK0  0005D
___awmod@sign                                    cstackCOMMON 0007B
___eecpymem                                      text5        00E3E
___eecpymem@cp                                   cstackCOMMON 00074
___eecpymem@from                                 cstackCOMMON 00071
___eecpymem@size                                 cstackCOMMON 00072
___eecpymem@to                                   cstackCOMMON 00075
___eetoc                                         text4        00C69
___eetoc@addr                                    cstackCOMMON 00078
___eetoc@data                                    cstackCOMMON 00077
___eetoi                                         text3        00CFA
___eetoi@addr                                    cstackBANK0  00053
___eetoi@data                                    cstackBANK0  00054
___int_sp                                        stack        00000
___latbits                                       (abs)        00001
___lmul                                          text44       00EAD
___lmul@multiplicand                             cstackCOMMON 00075
___lmul@multiplier                               cstackCOMMON 00071
___lmul@product                                  cstackBANK0  00053
___sp                                            stack        00000
___stackhi                                       (abs)        021EF
___stacklo                                       (abs)        020E0
___wmul                                          text21       00DAB
___wmul@multiplicand                             cstackCOMMON 00073
___wmul@multiplier                               cstackCOMMON 00071
___wmul@product                                  cstackCOMMON 00075
__end_of_BCD2Bin                                 text33       00CE7
__end_of_BCDSetInc                               text25       004BA
__end_of_Buttons                                 text36       00F7B
__end_of_DMDisplay                               text34       005B9
__end_of_DateDisplay                             text18       0069A
__end_of_DisplayBufSave                          text53       00D4B
__end_of_EEPROMBufferFill                        text51       00DAB
__end_of_EEPROM_Read                             text52       00C30
__end_of_EEPROM_Write                            text24       00E1C
__end_of_EmptyTubes                              text50       00CD4
__end_of_FixedWL                                 text40       0062C
__end_of_I2C1_Initialize                         text17       00C1D
__end_of_I2CClose                                text31       00C0B
__end_of_I2CFail                                 text30       00CFA
__end_of_I2CIrqWait                              text32       00BEB
__end_of_I2COpen                                 text29       00DE2
__end_of_I2CRead                                 text28       00EAD
__end_of_I2CWrite                                text27       00D21
__end_of_INTERRUPT_InterruptManager              intentry     00017
__end_of_Loader                                  text49       00F45
__end_of_NumSplit                                text23       00CAF
__end_of_OSCILLATOR_Initialize                   text16       00C26
__end_of_OtherSetInc                             text20       00424
__end_of_PIN_MANAGER_IOC                         text58       00C9E
__end_of_PIN_MANAGER_Initialize                  text15       007DF
__end_of_PMD_Initialize                          text14       00C3A
__end_of_PWM6_Initialize                         text13       00C69
__end_of_PWM6_LoadDutyValue                      text48       00D79
__end_of_Pulse                                   text47       0079A
__end_of_RandomNum                               text41       00E3E
__end_of_RandomWL                                text39       00388
__end_of_SW1Interrupt                            text60       00C51
__end_of_SW2Interrupt                            text59       00C5D
__end_of_SYSTEM_Initialize                       text8        00D91
__end_of_Settings                                text19       002E6
__end_of_SplitLoad                               text26       00CC1
__end_of_Startup                                 text2        00540
__end_of_TMR0_Initialize                         text12       00D35
__end_of_TMR0_ReadTimer                          text46       00DFF
__end_of_TMR0_StartTimer                         text7        00004
__end_of_TMR2_Initialize                         text11       00C8F
__end_of_TMR4_CallBack                           text56       00C45
__end_of_TMR4_DefaultInterruptHandler            text57       00BE6
__end_of_TMR4_ISR                                text55       00BE1
__end_of_TMR4_Initialize                         text9        00D61
__end_of_TMR4_SetInterruptHandler                text10       00BF1
__end_of_TMR4_Start                              text38       00BDA
__end_of_TMR4_Stop                               text37       00BDD
__end_of_TubeValuePicker                         text35       00700
__end_of_TubesOff                                text1        00BF7
__end_of_TubesOn                                 text6        00E85
__end_of___awdiv                                 text22       00751
__end_of___awmod                                 text45       01000
__end_of___eecpymem                              text5        00E61
__end_of___eetoc                                 text4        00C75
__end_of___eetoi                                 text3        00D0D
__end_of___lmul                                  text44       00EDC
__end_of___wmul                                  text21       00DC6
__end_of__initialization                         cinit        00041
__end_of_i2c1_fsmStateTable                      stringtext1  007FF
__end_of_main                                    maintext     001AC
__end_of_rand                                    text43       00F0F
__end_of_srand                                   text42       00C14
__initialization                                 cinit        00019
__pbitbssCOMMON                                  bitbssCOMMON 003E0
__pbssBANK0                                      bssBANK0     00020
__pbssBANK1                                      bssBANK1     000A0
__pbssEEDATA                                     bssEEDATA    0007D
__pcstackBANK0                                   cstackBANK0  00053
__pcstackCOMMON                                  cstackCOMMON 00070
__pdataBANK1                                     dataBANK1    000BD
__pdataBANK2                                     dataBANK2    00120
__pdataEEDATA                                    dataEEDATA   00000
__pidataBANK1                                    idataBANK1   00C75
__pidataBANK2                                    idataBANK2   00F7B
__pidataEEDATA                                   idataEEDATA  00078
__pintentry                                      intentry     00004
__pmaintext                                      maintext     00045
__pstringtext1                                   stringtext1  007DF
__ptext1                                         text1        00BF1
__ptext10                                        text10       00BEB
__ptext11                                        text11       00C81
__ptext12                                        text12       00D21
__ptext13                                        text13       00C5D
__ptext14                                        text14       00C30
__ptext15                                        text15       0079A
__ptext16                                        text16       00C1D
__ptext17                                        text17       00C14
__ptext18                                        text18       0062C
__ptext19                                        text19       001AC
__ptext2                                         text2        004BA
__ptext20                                        text20       00388
__ptext21                                        text21       00DAB
__ptext22                                        text22       00700
__ptext23                                        text23       00C9E
__ptext24                                        text24       00DFF
__ptext25                                        text25       00424
__ptext26                                        text26       00CAF
__ptext27                                        text27       00D0D
__ptext28                                        text28       00E85
__ptext29                                        text29       00DC6
__ptext3                                         text3        00CFA
__ptext30                                        text30       00CE7
__ptext31                                        text31       00C03
__ptext32                                        text32       00BE6
__ptext33                                        text33       00CD4
__ptext34                                        text34       00540
__ptext35                                        text35       0069A
__ptext36                                        text36       00F45
__ptext37                                        text37       00BDA
__ptext38                                        text38       00BD7
__ptext39                                        text39       002E6
__ptext4                                         text4        00C69
__ptext40                                        text40       005B9
__ptext41                                        text41       00E1C
__ptext42                                        text42       00C0B
__ptext43                                        text43       00EDC
__ptext44                                        text44       00EAD
__ptext45                                        text45       00FBB
__ptext46                                        text46       00DE2
__ptext47                                        text47       00751
__ptext48                                        text48       00D61
__ptext49                                        text49       00F0F
__ptext5                                         text5        00E3E
__ptext50                                        text50       00CC1
__ptext51                                        text51       00D91
__ptext52                                        text52       00C26
__ptext53                                        text53       00D35
__ptext55                                        text55       00BDD
__ptext56                                        text56       00C3A
__ptext57                                        text57       00BE1
__ptext58                                        text58       00C8F
__ptext59                                        text59       00C51
__ptext6                                         text6        00E61
__ptext60                                        text60       00C45
__ptext7                                         text7        00002
__ptext8                                         text8        00D79
__ptext9                                         text9        00D4B
__size_of_BCD2Bin                                (abs)        00000
__size_of_BCDSetInc                              (abs)        00000
__size_of_Buttons                                (abs)        00000
__size_of_DMDisplay                              (abs)        00000
__size_of_DateDisplay                            (abs)        00000
__size_of_DisplayBufSave                         (abs)        00000
__size_of_EEPROMBufferFill                       (abs)        00000
__size_of_EEPROM_Read                            (abs)        00000
__size_of_EEPROM_Write                           (abs)        00000
__size_of_EmptyTubes                             (abs)        00000
__size_of_FixedWL                                (abs)        00000
__size_of_I2C1_Initialize                        (abs)        00000
__size_of_I2CClose                               (abs)        00000
__size_of_I2CFail                                (abs)        00000
__size_of_I2CIrqWait                             (abs)        00000
__size_of_I2COpen                                (abs)        00000
__size_of_I2CRead                                (abs)        00000
__size_of_I2CWrite                               (abs)        00000
__size_of_INTERRUPT_InterruptManager             (abs)        00000
__size_of_Loader                                 (abs)        00000
__size_of_NumSplit                               (abs)        00000
__size_of_OSCILLATOR_Initialize                  (abs)        00000
__size_of_OtherSetInc                            (abs)        00000
__size_of_PIN_MANAGER_IOC                        (abs)        00000
__size_of_PIN_MANAGER_Initialize                 (abs)        00000
__size_of_PMD_Initialize                         (abs)        00000
__size_of_PWM6_Initialize                        (abs)        00000
__size_of_PWM6_LoadDutyValue                     (abs)        00000
__size_of_Pulse                                  (abs)        00000
__size_of_RandomNum                              (abs)        00000
__size_of_RandomWL                               (abs)        00000
__size_of_SW1Interrupt                           (abs)        00000
__size_of_SW2Interrupt                           (abs)        00000
__size_of_SYSTEM_Initialize                      (abs)        00000
__size_of_Settings                               (abs)        00000
__size_of_SplitLoad                              (abs)        00000
__size_of_Startup                                (abs)        00000
__size_of_TMR0_Initialize                        (abs)        00000
__size_of_TMR0_ReadTimer                         (abs)        00000
__size_of_TMR0_StartTimer                        (abs)        00000
__size_of_TMR2_Initialize                        (abs)        00000
__size_of_TMR4_CallBack                          (abs)        00000
__size_of_TMR4_DefaultInterruptHandler           (abs)        00000
__size_of_TMR4_ISR                               (abs)        00000
__size_of_TMR4_Initialize                        (abs)        00000
__size_of_TMR4_SetInterruptHandler               (abs)        00000
__size_of_TMR4_Start                             (abs)        00000
__size_of_TMR4_Stop                              (abs)        00000
__size_of_TubeValuePicker                        (abs)        00000
__size_of_TubesOff                               (abs)        00000
__size_of_TubesOn                                (abs)        00000
__size_of___awdiv                                (abs)        00000
__size_of___awmod                                (abs)        00000
__size_of___eecpymem                             (abs)        00000
__size_of___eetoc                                (abs)        00000
__size_of___eetoi                                (abs)        00000
__size_of___lmul                                 (abs)        00000
__size_of___wmul                                 (abs)        00000
__size_of_main                                   (abs)        00000
__size_of_rand                                   (abs)        00000
__size_of_srand                                  (abs)        00000
_buttoncounter                                   bssBANK0     0003E
_main                                            maintext     00045
_rand                                            text43       00EDC
_rd1RegCompleteHandler                           (abs)        00000
_rd1RegCompleteHandler@i2c_simple_master$F2479   (abs)        00000
_rd2RegCompleteHandler                           (abs)        00000
_rd2RegCompleteHandler@i2c_simple_master$F2487   (abs)        00000
_rdBlkRegCompleteHandler                         (abs)        00000
_rdBlkRegCompleteHandler@i2c_simple_master$F2499 (abs)        00000
_seed                                            bssBANK0     0004C
_srand                                           text42       00C0B
_timer0ReloadVal16bit                            bssBANK0     00040
_wr1RegCompleteHandler                           (abs)        00000
_wr1RegCompleteHandler@i2c_simple_master$F2469   (abs)        00000
_wr2RegCompleteHandler                           (abs)        00000
_wr2RegCompleteHandler@i2c_simple_master$F2493   (abs)        00000
btemp                                            (abs)        0007E
clear_ram0                                       clrtext      00BF7
end_of_initialization                            cinit        00041
init_ram                                         inittext     00BFD
int$flags                                        (abs)        0007E
intlevel0                                        functab      00000
intlevel1                                        functab      00000
intlevel2                                        functab      00000
intlevel3                                        functab      00000
intlevel4                                        functab      00000
intlevel5                                        functab      00000
main@newsec                                      cstackBANK0  0006F
main@oldsec                                      cstackBANK0  0006C
main@shift                                       cstackBANK0  0006E
main@spincount                                   cstackBANK0  0006D
reset_vec                                        reset_vec    00000
srand@s                                          cstackBANK0  00053
start                                            init         00017
start_initialization                             cinit        00019
wtemp0                                           (abs)        0007E


MODULE INFORMATION

Module		Function		Class		Link	Load	Size
C:\Program Files\Microchip\xc8\v2.32\pic\sources\c99\common\awdiv.c
		___awdiv       		CODE           	0700	0000	81

C:\Program Files\Microchip\xc8\v2.32\pic\sources\c99\common\awdiv.c estimated size: 81

Subroutines.c
		_TubesOn       		CODE           	0E61	0000	36
		_DisplayBufSave		CODE           	0D35	0000	22
		_EmptyTubes    		CODE           	0CC1	0000	19
		_OtherSetInc   		CODE           	0388	0000	156
		_EEPROM_Read   		CODE           	0C26	0000	10
		_EEPROM_Write  		CODE           	0DFF	0000	29
		_I2COpen       		CODE           	0DC6	0000	28
		_Buttons       		CODE           	0F45	0000	54
		_FixedWL       		CODE           	05B9	0000	115
		_Pulse         		CODE           	0751	0000	73
		_EEPROMBufferFill		CODE           	0D91	0000	26
		_I2CRead       		CODE           	0E85	0000	40
		_TubeValuePicker		CODE           	069A	0000	102
		_I2CIrqWait    		CODE           	0BE6	0000	5
		_I2CClose      		CODE           	0C03	0000	8
		_SplitLoad     		CODE           	0CAF	0000	18
		_TubesOff      		CODE           	0BF1	0000	6
		_BCD2Bin       		CODE           	0CD4	0000	19
		_SW1Interrupt  		CODE           	0C45	0000	12
		_RandomNum     		CODE           	0E1C	0000	34
		_Loader        		CODE           	0F0F	0000	54
		_SW2Interrupt  		CODE           	0C51	0000	12
		_BCDSetInc     		CODE           	0424	0000	150
		_RandomWL      		CODE           	02E6	0000	162
		_I2CWrite      		CODE           	0D0D	0000	20
		_NumSplit      		CODE           	0C9E	0000	17
		_I2CFail       		CODE           	0CE7	0000	19

Subroutines.c estimated size: 1246

mcc_generated_files/pwm6.c
		_PWM6_LoadDutyValue		CODE           	0D61	0000	24
		_PWM6_Initialize		CODE           	0C5D	0000	12

mcc_generated_files/pwm6.c estimated size: 36

mcc_generated_files/tmr4.c
		_TMR4_ISR      		CODE           	0BDD	0000	4
		_TMR4_Initialize		CODE           	0D4B	0000	22
		_TMR4_Stop     		CODE           	0BDA	0000	3
		_TMR4_Start    		CODE           	0BD7	0000	3
		_TMR4_SetInterruptHandler		CODE           	0BEB	0000	6
		_TMR4_DefaultInterruptHandler		CODE           	0BE1	0000	5
		_TMR4_CallBack 		CODE           	0C3A	0000	11

mcc_generated_files/tmr4.c estimated size: 54

mcc_generated_files/i2c1_master.c
		_I2C1_Initialize		CODE           	0C14	0000	9

mcc_generated_files/i2c1_master.c estimated size: 9

mcc_generated_files/tmr2.c
		_TMR2_Initialize		CODE           	0C81	0000	14

mcc_generated_files/tmr2.c estimated size: 14

mcc_generated_files/interrupt_manager.c
		_INTERRUPT_InterruptManager		CODE           	0004	0000	19

mcc_generated_files/interrupt_manager.c estimated size: 19

mcc_generated_files/tmr0.c
		_TMR0_StartTimer		CODE           	0002	0000	2
		_TMR0_ReadTimer		CODE           	0DE2	0000	29
		_TMR0_Initialize		CODE           	0D21	0000	20

mcc_generated_files/tmr0.c estimated size: 51

mcc_generated_files/pin_manager.c
		_PIN_MANAGER_Initialize		CODE           	079A	0000	69
		_PIN_MANAGER_IOC		CODE           	0C8F	0000	15

mcc_generated_files/pin_manager.c estimated size: 84

C:\Program Files\Microchip\xc8\v2.32\pic\sources\c99\common\rand.c
		_srand         		CODE           	0C0B	0000	9
		_rand          		CODE           	0EDC	0000	51

C:\Program Files\Microchip\xc8\v2.32\pic\sources\c99\common\rand.c estimated size: 60

C:\Program Files\Microchip\xc8\v2.32\pic\sources\c99\common\Umul16.c
		___wmul        		CODE           	0DAB	0000	27

C:\Program Files\Microchip\xc8\v2.32\pic\sources\c99\common\Umul16.c estimated size: 27

shared
		__initialization		CODE           	0019	0000	40
		_i2c1_fsmStateTable		STRCODE        	0000	0000	0

shared estimated size: 40

C:\Program Files\Microchip\xc8\v2.32\pic\sources\c99\common\awmod.c
		___awmod       		CODE           	0FBB	0000	69

C:\Program Files\Microchip\xc8\v2.32\pic\sources\c99\common\awmod.c estimated size: 69

mcc_generated_files/mcc.c
		_PMD_Initialize		CODE           	0C30	0000	10
		_OSCILLATOR_Initialize		CODE           	0C1D	0000	9
		_SYSTEM_Initialize		CODE           	0D79	0000	24

mcc_generated_files/mcc.c estimated size: 43

C:\Program Files\Microchip\xc8\v2.32\pic\sources\c99\common\Umul32.c
		___lmul        		CODE           	0EAD	0000	47

C:\Program Files\Microchip\xc8\v2.32\pic\sources\c99\common\Umul32.c estimated size: 47

main.c
		_DMDisplay     		CODE           	0540	0000	121
		_main          		CODE           	0045	0000	359
		_DateDisplay   		CODE           	062C	0000	110
		_Startup       		CODE           	04BA	0000	134
		_Settings      		CODE           	01AC	0000	314

main.c estimated size: 1038

C:\Program Files\Microchip\xc8\v2.32\pic\sources\c99\pic\__eeprom.c
		___eetoc       		CODE           	0C69	0000	12
		___eetoi       		CODE           	0CFA	0000	19
		___eecpymem    		CODE           	0E3E	0000	35

C:\Program Files\Microchip\xc8\v2.32\pic\sources\c99\pic\__eeprom.c estimated size: 66

