Microchip MPLAB XC8 Compiler V2.40

Linker command line:

-W-3 \
  --edf=C:/Users/Nicholas/.mchp_packs/Microchip/PIC16F1xxxx_DFP/1.15.191/xc8\pic\dat\20220719204315_en.msgs \
  -cn -h+dist/default/production\F18444_Rebuild_8803.X.production.sym \
  --cmf=dist/default/production\F18444_Rebuild_8803.X.production.cmf -z \
  -Q16F18444 -oC:\Users\Nicholas\AppData\Local\Temp\xcAsgi4.4 \
  --defsym=__MPLAB_BUILD=1 --fixupoverflow=error \
  -Mdist/default/production/F18444_Rebuild_8803.X.production.map \
  --md=C:\Users\Nicholas\AppData\Local\Temp\xcAsgi4.dat -E1 \
  -ver=XC8 Compiler --acfsm=1493 -ACODE=00h-07FFhx2 -ASTRCODE=00h-0FFFh \
  -ASTRING=00h-0FFhx16 -ACONST=00h-0FFhx16 -AENTRY=00h-0FFhx16 \
  -ACOMMON=070h-07Fh -ABANK0=020h-06Fh -ABANK1=0A0h-0EFh \
  -ABANK2=0120h-016Fh -ABANK3=01A0h-01EFh -ABANK4=0220h-026Fh \
  -ABANK5=02A0h-02EFh -ABANK6=0320h-032Fh -ABIGRAM=02000h-021EFh \
  -ARAM=020h-06Fh,0A0h-0EFh,0120h-016Fh,01A0h-01EFh,0220h-026Fh,02A0h-02EFh,0320h-032Fh \
  -AABS1=020h-07Fh,0A0h-0EFh,0120h-016Fh,01A0h-01EFh,0220h-026Fh,02A0h-02EFh,0320h-032Fh \
  -ASFR0=00h-01Fh -ASFR1=080h-09Fh -ASFR2=0100h-011Fh -ASFR3=0180h-019Fh \
  -ASFR4=0200h-021Fh -ASFR5=0280h-029Fh -ASFR6=0300h-031Fh \
  -ASFR7=0380h-03EFh -ASFR8=0400h-046Fh -ASFR9=0480h-04EFh \
  -ASFR10=0500h-056Fh -ASFR11=0580h-05EFh -ASFR12=0600h-066Fh \
  -ASFR13=0680h-06EFh -ASFR14=0700h-076Fh -ASFR15=0780h-07EFh \
  -ASFR16=0800h-086Fh -ASFR17=0880h-08EFh -ASFR18=0900h-096Fh \
  -ASFR19=0980h-09EFh -ASFR20=0A00h-0A6Fh -ASFR21=0A80h-0AEFh \
  -ASFR22=0B00h-0B6Fh -ASFR23=0B80h-0BEFh -ASFR24=0C00h-0C6Fh \
  -ASFR25=0C80h-0CEFh -ASFR26=0D00h-0D6Fh -ASFR27=0D80h-0DEFh \
  -ASFR28=0E00h-0E6Fh -ASFR29=0E80h-0EEFh -ASFR30=0F00h-0F6Fh \
  -ASFR31=0F80h-0FEFh -ASFR32=01000h-0106Fh -ASFR33=01080h-010EFh \
  -ASFR34=01100h-0116Fh -ASFR35=01180h-011EFh -ASFR36=01200h-0126Fh \
  -ASFR37=01280h-012EFh -ASFR38=01300h-0136Fh -ASFR39=01380h-013EFh \
  -ASFR40=01400h-0146Fh -ASFR41=01480h-014EFh -ASFR42=01500h-0156Fh \
  -ASFR43=01580h-015EFh -ASFR44=01600h-0166Fh -ASFR45=01680h-016EFh \
  -ASFR46=01700h-0176Fh -ASFR47=01780h-017EFh -ASFR48=01800h-0186Fh \
  -ASFR49=01880h-018EFh -ASFR50=01900h-0196Fh -ASFR51=01980h-019EFh \
  -ASFR52=01A00h-01A6Fh -ASFR53=01A80h-01AEFh -ASFR54=01B00h-01B6Fh \
  -ASFR55=01B80h-01BEFh -ASFR56=01C00h-01C6Fh -ASFR57=01C80h-01CEFh \
  -ASFR58=01D00h-01D6Fh -ASFR59=01D80h-01DEFh -ASFR60=01E00h-01E6Fh \
  -ASFR61=01E80h-01EEFh -ASFR62=01F00h-01F6Fh -ASFR63=01F80h-01FEFh \
  -ACONFIG=08007h-0800Bh -DCONFIG=2 -AIDLOC=08000h-08003h -DIDLOC=2 \
  -AEEDATA=00h-0FFh/0F000h -peeprom_data=EEDATA -DEEDATA=2 -DCODE=2 \
  -DSTRCODE=2 -DSTRING=2 -DCONST=2 -DENTRY=2 \
  -preset_vec=00h,intentry=04h,init,end_init -ppowerup=CODE -pcinit=CODE \
  -pfunctab=ENTRY -k C:\Users\Nicholas\AppData\Local\Temp\xcAsgi4.o \
  dist/default/production\F18444_Rebuild_8803.X.production.o 

Object code version is 3.11

Machine type is 16F18444



                Name                               Link     Load   Length Selector   Space Scale
C:\Users\Nicholas\AppData\Local\Temp\xcAsgi4.o
                end_init                             17       17        2        8       0
                reset_vec                             0        0        2        0       0
                config                             8007     8007        5        0       4
                idloc                              8000     8000        4        0       5
dist/default/production\F18444_Rebuild_8803.X.production.o
                cinit                                19       19       2C        8       0
                intentry                              4        4       13        8       0
                eeprom_data                           0     F000       78    1E000       3
                config                             8007     8007        5        0       4
                idloc                              8000     8000        4        0       5
                text60                              CFD      CFD        C     19FA       0
                text59                              D09      D09        C     1A12       0
                text58                              D63      D63        F     1AC6       0
                text57                              C98      C98        5     1930       0
                text56                              CF2      CF2        B     19E4       0
                text55                              C94      C94        4     1928       0
                text53                              D9F      D9F       12     1B3E       0
                text52                              CD4      CD4        A     19A8       0
                text51                              DD9      DD9       16     1BB2       0
                text50                              D72      D72        F     1AE4       0
                text49                              FC8      FC8       38     1F90       0
                text48                              E05      E05       18     1C0A       0
                text47                              6B0      6B0       49        8       0
                text46                              E35      E35       19     1C6A       0
                text45                              73E      73E       45        8       0
                text44                              F30      F30       2F     1E60       0
                text43                              F5F      F5F       33     1EBE       0
                text42                              CC2      CC2        9     1984       0
                text41                              EC1      EC1       20     1D82       0
                text40                              53C      53C       6B        8       0
                text39                              2A6      2A6       96        8       0
                text38                              C8E      C8E        3     191C       0
                text37                              C91      C91        3     1922       0
                text36                              F92      F92       36     1F24       0
                text35                              603      603       5C        8       0
                text34                              4CF      4CF       6D        8       0
                text33                              D81      D81        F     1B02       0
                text32                              C9D      C9D        5     193A       0
                text31                              CBA      CBA        8     1974       0
                text30                              D2D      D2D        D     1A5A       0
                text29                              E69      E69       1C     1CD2       0
                text28                              F05      F05       2B     1E0A       0
                text27                              DB1      DB1       14     1B62       0
                text26                              D47      D47        E     1A8E       0
                text25                              3CD      3CD       84        8       0
                text24                              E85      E85       1D     1D0A       0
                text23                              D90      D90        F     1B20       0
                text22                              65F      65F       51        8       0
                text21                              E4E      E4E       1B     1C9C       0
                text20                              33C      33C       91        8       0
                text19                              195      195      111        8       0
                text18                              5A7      5A7       5C        8       0
                text17                              6F9      6F9       45        8       0
                text16                              CCB      CCB        9     1996       0
                text15                              7C3      7C3       38        8       0
                text14                              CDE      CDE        A     19BC       0
                text13                              D15      D15        C     1A2A       0
                text12                              DC5      DC5       14     1B8A       0
                text11                              D55      D55        E     1AAA       0
                text10                              CA2      CA2        6     1944       0
                text9                               DEF      DEF       16     1BDE       0
                text8                               E1D      E1D       18     1C3A       0
                text7                                 2        2        2        0       0
                text6                               EE1      EE1       24     1DC2       0
                text5                               EA2      EA2       1F     1D44       0
                text4                               CE8      CE8        A     19D0       0
                text3                               D3A      D3A        D     1A74       0
                text2                               451      451       7E        8       0
                text1                               CA8      CA8        6     1950       0
                maintext                             45       45      150        8       0
                cstackBANK0                          53       53       1D       20       1
                cstackCOMMON                         70       70        C       70       1
                clrtext                             CAE      CAE        6     195C       0
                inittext                            CB4      CB4        6     1968       0
                dataBANK2                           120      120       40      120       1
                dataBANK1                            BD       BD        C       A0       1
                bssBANK1                             A0       A0       1D       A0       1
                bssBANK0                             20       20       33       20       1
                bitbssCOMMON                        3E0       7C        7       70       1     8
                bssEEDATA                            7D     F07D        3    1E000       3
                stringtext1                         7FB      7FB       20      FF6       0
                idataEEDATA                          78     F078        5    1E000       3
                idataBANK2                          783      783       40        8       0
                idataBANK1                          D21      D21        C     1A42       0

TOTAL           Name                               Link     Load   Length     Space
        CLASS   CODE           
                end_init                             17       17        2         0
                cinit                                19       19       2C         0
                intentry                              4        4       13         0
                reset_vec                             0        0        2         0
                text60                              CFD      CFD        C         0
                text59                              D09      D09        C         0
                text58                              D63      D63        F         0
                text57                              C98      C98        5         0
                text56                              CF2      CF2        B         0
                text55                              C94      C94        4         0
                text53                              D9F      D9F       12         0
                text52                              CD4      CD4        A         0
                text51                              DD9      DD9       16         0
                text50                              D72      D72        F         0
                text49                              FC8      FC8       38         0
                text48                              E05      E05       18         0
                text47                              6B0      6B0       49         0
                text46                              E35      E35       19         0
                text45                              73E      73E       45         0
                text44                              F30      F30       2F         0
                text43                              F5F      F5F       33         0
                text42                              CC2      CC2        9         0
                text41                              EC1      EC1       20         0
                text40                              53C      53C       6B         0
                text39                              2A6      2A6       96         0
                text38                              C8E      C8E        3         0
                text37                              C91      C91        3         0
                text36                              F92      F92       36         0
                text35                              603      603       5C         0
                text34                              4CF      4CF       6D         0
                text33                              D81      D81        F         0
                text32                              C9D      C9D        5         0
                text31                              CBA      CBA        8         0
                text30                              D2D      D2D        D         0
                text29                              E69      E69       1C         0
                text28                              F05      F05       2B         0
                text27                              DB1      DB1       14         0
                text26                              D47      D47        E         0
                text25                              3CD      3CD       84         0
                text24                              E85      E85       1D         0
                text23                              D90      D90        F         0
                text22                              65F      65F       51         0
                text21                              E4E      E4E       1B         0
                text20                              33C      33C       91         0
                text19                              195      195      111         0
                text18                              5A7      5A7       5C         0
                text17                              6F9      6F9       45         0
                text16                              CCB      CCB        9         0
                text15                              7C3      7C3       38         0
                text14                              CDE      CDE        A         0
                text13                              D15      D15        C         0
                text12                              DC5      DC5       14         0
                text11                              D55      D55        E         0
                text10                              CA2      CA2        6         0
                text9                               DEF      DEF       16         0
                text8                               E1D      E1D       18         0
                text7                                 2        2        2         0
                text6                               EE1      EE1       24         0
                text5                               EA2      EA2       1F         0
                text4                               CE8      CE8        A         0
                text3                               D3A      D3A        D         0
                text2                               451      451       7E         0
                text1                               CA8      CA8        6         0
                maintext                             45       45      150         0
                clrtext                             CAE      CAE        6         0
                inittext                            CB4      CB4        6         0
                idataBANK2                          783      783       40         0
                idataBANK1                          D21      D21        C         0

        CLASS   STRCODE        
                stringtext1                         7FB      7FB       20         0

        CLASS   STRING         

        CLASS   CONST          

        CLASS   ENTRY          

        CLASS   COMMON         
                cstackCOMMON                         70       70        C         1
                bitbssCOMMON                        3E0       7C        7         1

        CLASS   BANK0          
                cstackBANK0                          53       53       1D         1
                bssBANK0                             20       20       33         1

        CLASS   BANK1          
                dataBANK1                            BD       BD        C         1
                bssBANK1                             A0       A0       1D         1

        CLASS   BANK2          
                dataBANK2                           120      120       40         1

        CLASS   BANK3          

        CLASS   BANK4          

        CLASS   BANK5          

        CLASS   BANK6          

        CLASS   BIGRAM         

        CLASS   RAM            

        CLASS   ABS1           
                abs_s1                               7E       7E        2         1

        CLASS   SFR0           

        CLASS   SFR1           

        CLASS   SFR2           

        CLASS   SFR3           

        CLASS   SFR4           

        CLASS   SFR5           

        CLASS   SFR6           

        CLASS   SFR7           

        CLASS   SFR8           

        CLASS   SFR9           

        CLASS   SFR10          

        CLASS   SFR11          

        CLASS   SFR12          

        CLASS   SFR13          

        CLASS   SFR14          

        CLASS   SFR15          

        CLASS   SFR16          

        CLASS   SFR17          

        CLASS   SFR18          

        CLASS   SFR19          

        CLASS   SFR20          

        CLASS   SFR21          

        CLASS   SFR22          

        CLASS   SFR23          

        CLASS   SFR24          

        CLASS   SFR25          

        CLASS   SFR26          

        CLASS   SFR27          

        CLASS   SFR28          

        CLASS   SFR29          

        CLASS   SFR30          

        CLASS   SFR31          

        CLASS   SFR32          

        CLASS   SFR33          

        CLASS   SFR34          

        CLASS   SFR35          

        CLASS   SFR36          

        CLASS   SFR37          

        CLASS   SFR38          

        CLASS   SFR39          

        CLASS   SFR40          

        CLASS   SFR41          

        CLASS   SFR42          

        CLASS   SFR43          

        CLASS   SFR44          

        CLASS   SFR45          

        CLASS   SFR46          

        CLASS   SFR47          

        CLASS   SFR48          

        CLASS   SFR49          

        CLASS   SFR50          

        CLASS   SFR51          

        CLASS   SFR52          

        CLASS   SFR53          

        CLASS   SFR54          

        CLASS   SFR55          

        CLASS   SFR56          

        CLASS   SFR57          

        CLASS   SFR58          

        CLASS   SFR59          

        CLASS   SFR60          

        CLASS   SFR61          

        CLASS   SFR62          

        CLASS   SFR63          

        CLASS   CONFIG         
                config                             8007     8007        5         4

        CLASS   IDLOC          
                idloc                              8000     8000        4         5

        CLASS   EEDATA         
                eeprom_data                           0     F000       78         3
                bssEEDATA                            7D     F07D        3         3
                idataEEDATA                          78     F078        5         3

        CLASS   BANK63         

        CLASS   BANK62         

        CLASS   BANK61         

        CLASS   BANK60         

        CLASS   BANK59         

        CLASS   BANK58         

        CLASS   BANK57         

        CLASS   BANK56         

        CLASS   BANK55         

        CLASS   BANK54         

        CLASS   BANK53         

        CLASS   BANK52         

        CLASS   BANK51         

        CLASS   BANK50         

        CLASS   BANK49         

        CLASS   BANK48         

        CLASS   BANK47         

        CLASS   BANK46         

        CLASS   BANK45         

        CLASS   BANK44         

        CLASS   BANK43         

        CLASS   BANK42         

        CLASS   BANK41         

        CLASS   BANK40         

        CLASS   BANK39         

        CLASS   BANK38         

        CLASS   BANK37         

        CLASS   BANK36         

        CLASS   BANK35         

        CLASS   BANK34         

        CLASS   BANK33         

        CLASS   BANK32         

        CLASS   BANK31         

        CLASS   BANK30         

        CLASS   BANK29         

        CLASS   BANK28         

        CLASS   BANK27         

        CLASS   BANK26         

        CLASS   BANK25         

        CLASS   BANK24         

        CLASS   BANK23         

        CLASS   BANK22         

        CLASS   BANK21         

        CLASS   BANK20         

        CLASS   BANK19         

        CLASS   BANK18         

        CLASS   BANK17         

        CLASS   BANK16         

        CLASS   BANK15         

        CLASS   BANK14         

        CLASS   BANK13         

        CLASS   BANK12         

        CLASS   BANK11         

        CLASS   BANK10         

        CLASS   BANK9          

        CLASS   BANK8          

        CLASS   BANK7          

        CLASS   HEAP           

        CLASS   STACK          



SEGMENTS        Name                           Load    Length   Top    Selector   Space  Class     Delta

                reset_vec                      000000  000004  000004         0       0  CODE        2
                intentry                       000004  0007F7  0007FB         8       0  CODE        2
                bssBANK0                       000020  000050  000070        20       1  BANK0       1
                cstackCOMMON                   000070  00000D  00007D        70       1  COMMON      1
                bssBANK1                       0000A0  000029  0000C9        A0       1  BANK1       1
                dataBANK2                      000120  000040  000160       120       1  BANK2       1
                stringtext1                    0007FB  000020  00081B       FF6       0  STRCODE     2
                text38                         000C8E  000003  000C91      191C       0  CODE        2
                text37                         000C91  000003  000C94      1922       0  CODE        2
                text55                         000C94  000004  000C98      1928       0  CODE        2
                text57                         000C98  000005  000C9D      1930       0  CODE        2
                text32                         000C9D  000005  000CA2      193A       0  CODE        2
                text10                         000CA2  000006  000CA8      1944       0  CODE        2
                text1                          000CA8  000006  000CAE      1950       0  CODE        2
                clrtext                        000CAE  000006  000CB4      195C       0  CODE        2
                inittext                       000CB4  000006  000CBA      1968       0  CODE        2
                text31                         000CBA  000008  000CC2      1974       0  CODE        2
                text42                         000CC2  000009  000CCB      1984       0  CODE        2
                text16                         000CCB  000009  000CD4      1996       0  CODE        2
                text52                         000CD4  00000A  000CDE      19A8       0  CODE        2
                text14                         000CDE  00000A  000CE8      19BC       0  CODE        2
                text4                          000CE8  00000A  000CF2      19D0       0  CODE        2
                text56                         000CF2  00000B  000CFD      19E4       0  CODE        2
                text60                         000CFD  00000C  000D09      19FA       0  CODE        2
                text59                         000D09  00000C  000D15      1A12       0  CODE        2
                text13                         000D15  00000C  000D21      1A2A       0  CODE        2
                idataBANK1                     000D21  00000C  000D2D      1A42       0  CODE        2
                text30                         000D2D  00000D  000D3A      1A5A       0  CODE        2
                text3                          000D3A  00000D  000D47      1A74       0  CODE        2
                text26                         000D47  00000E  000D55      1A8E       0  CODE        2
                text11                         000D55  00000E  000D63      1AAA       0  CODE        2
                text58                         000D63  00000F  000D72      1AC6       0  CODE        2
                text50                         000D72  00000F  000D81      1AE4       0  CODE        2
                text33                         000D81  00000F  000D90      1B02       0  CODE        2
                text23                         000D90  00000F  000D9F      1B20       0  CODE        2
                text53                         000D9F  000012  000DB1      1B3E       0  CODE        2
                text27                         000DB1  000014  000DC5      1B62       0  CODE        2
                text12                         000DC5  000014  000DD9      1B8A       0  CODE        2
                text51                         000DD9  000016  000DEF      1BB2       0  CODE        2
                text9                          000DEF  000016  000E05      1BDE       0  CODE        2
                text48                         000E05  000018  000E1D      1C0A       0  CODE        2
                text8                          000E1D  000018  000E35      1C3A       0  CODE        2
                text46                         000E35  000019  000E4E      1C6A       0  CODE        2
                text21                         000E4E  00001B  000E69      1C9C       0  CODE        2
                text29                         000E69  00001C  000E85      1CD2       0  CODE        2
                text24                         000E85  00001D  000EA2      1D0A       0  CODE        2
                text5                          000EA2  00001F  000EC1      1D44       0  CODE        2
                text41                         000EC1  000020  000EE1      1D82       0  CODE        2
                text6                          000EE1  000024  000F05      1DC2       0  CODE        2
                text28                         000F05  00002B  000F30      1E0A       0  CODE        2
                text44                         000F30  00002F  000F5F      1E60       0  CODE        2
                text43                         000F5F  000033  000F92      1EBE       0  CODE        2
                text36                         000F92  000036  000FC8      1F24       0  CODE        2
                text49                         000FC8  000038  001000      1F90       0  CODE        2
                eeprom_data                    00F000  000080  00F080     1E000       3  EEDATA      2


UNUSED ADDRESS RANGES

        Name                Unused          Largest block    Delta
        BANK1            000C9-000EF              27           1
        BANK2            00160-0016F              10           1
        BANK3            001A0-001EF              50           1
        BANK4            00220-0026F              50           1
        BANK5            002A0-002EF              50           1
        BANK6            00320-0032F              10           1
        BIGRAM           02000-021EF             1F0           1
        CODE             0081B-00C8D             473           2
        COMMON           0007D-0007D               1           1
        CONST            0081B-00C8D             100           2
        EEDATA           0F080-0F0FF              80           2
        ENTRY            0081B-00C8D             100           2
        RAM              000C9-000EF              27           1
                         00160-0016F              10
                         001A0-001EF              50
                         00220-0026F              50
                         002A0-002EF              50
                         00320-0032F              10
        SFR0             00000-0001F              20           1
        SFR1             00080-0009F              20           1
        SFR10            00500-0056F              70           1
        SFR11            00580-005EF              70           1
        SFR12            00600-0066F              70           1
        SFR13            00680-006EF              70           1
        SFR14            00700-0076F              70           1
        SFR15            00780-007EF              70           1
        SFR16            00800-0086F              70           1
        SFR17            00880-008EF              70           1
        SFR18            00900-0096F              70           1
        SFR19            00980-009EF              70           1
        SFR2             00100-0011F              20           1
        SFR20            00A00-00A6F              70           1
        SFR21            00A80-00AEF              70           1
        SFR22            00B00-00B6F              70           1
        SFR23            00B80-00BEF              70           1
        SFR24            00C00-00C6F              70           1
        SFR25            00C80-00CEF              70           1
        SFR26            00D00-00D6F              70           1
        SFR27            00D80-00DEF              70           1
        SFR28            00E00-00E6F              70           1
        SFR29            00E80-00EEF              70           1
        SFR3             00180-0019F              20           1
        SFR30            00F00-00F6F              70           1
        SFR31            00F80-00FEF              70           1
        SFR32            01000-0106F              70           1
        SFR33            01080-010EF              70           1
        SFR34            01100-0116F              70           1
        SFR35            01180-011EF              70           1
        SFR36            01200-0126F              70           1
        SFR37            01280-012EF              70           1
        SFR38            01300-0136F              70           1
        SFR39            01380-013EF              70           1
        SFR4             00200-0021F              20           1
        SFR40            01400-0146F              70           1
        SFR41            01480-014EF              70           1
        SFR42            01500-0156F              70           1
        SFR43            01580-015EF              70           1
        SFR44            01600-0166F              70           1
        SFR45            01680-016EF              70           1
        SFR46            01700-0176F              70           1
        SFR47            01780-017EF              70           1
        SFR48            01800-0186F              70           1
        SFR49            01880-018EF              70           1
        SFR5             00280-0029F              20           1
        SFR50            01900-0196F              70           1
        SFR51            01980-019EF              70           1
        SFR52            01A00-01A6F              70           1
        SFR53            01A80-01AEF              70           1
        SFR54            01B00-01B6F              70           1
        SFR55            01B80-01BEF              70           1
        SFR56            01C00-01C6F              70           1
        SFR57            01C80-01CEF              70           1
        SFR58            01D00-01D6F              70           1
        SFR59            01D80-01DEF              70           1
        SFR6             00300-0031F              20           1
        SFR60            01E00-01E6F              70           1
        SFR61            01E80-01EEF              70           1
        SFR62            01F00-01F6F              70           1
        SFR63            01F80-01FEF              70           1
        SFR7             00380-003EF              70           1
        SFR8             00400-0046F              70           1
        SFR9             00480-004EF              70           1
        STRCODE          0081B-00C8D             473           2
        STRING           0081B-00C8D             100           2

                                  Symbol Table

?_TMR0_ReadTimer                                  cstackCOMMON 00071
?___awdiv                                         cstackCOMMON 00077
?___awmod                                         cstackBANK0  0005D
?___eetoi                                         cstackCOMMON 00076
?___lmul                                          cstackCOMMON 00071
?___wmul                                          cstackCOMMON 00071
?_rand                                            cstackBANK0  00057
BCD2Bin@input                                     cstackCOMMON 00072
BCDSetInc@i2creg                                  cstackBANK0  00062
BCDSetInc@max                                     cstackCOMMON 00079
BCDSetInc@min                                     cstackBANK0  00061
BCDSetInc@value                                   cstackCOMMON 0007A
Buttons@presstime                                 cstackCOMMON 00072
DMDisplay@seedadr                                 cstackBANK0  00066
EEPROMBufferFill@addr                             cstackCOMMON 00072
EEPROM_Read@addr                                  cstackCOMMON 00071
EEPROM_Write@addr                                 cstackCOMMON 00072
EEPROM_Write@data                                 cstackCOMMON 00071
I2C1_Initialize@bits                              cstackCOMMON 00071
I2COpen@regptr                                    cstackCOMMON 00072
I2CRead@receiveddata                              cstackCOMMON 00074
I2CRead@reg                                       cstackCOMMON 00073
I2CWrite@data                                     cstackBANK0  00060
I2CWrite@reg                                      cstackCOMMON 00073
Loader@F11213                                     dataBANK1    000BD
Loader@regp                                       cstackBANK0  0005F
Loader@shftregpln                                 cstackBANK0  00053
NumSplit@input                                    cstackCOMMON 00072
OtherSetInc@eeaddr                                cstackBANK0  00061
OtherSetInc@max                                   cstackBANK0  00067
OtherSetInc@min                                   cstackBANK0  00060
OtherSetInc@value                                 cstackBANK0  00062
PWM6_LoadDutyValue@dutyValue                      cstackBANK0  00057
RandomNum@rand_num                                cstackBANK0  00062
RandomNum@upper                                   cstackBANK0  00061
RandomWL@WLtype                                   cstackBANK0  00064
SplitLoad@first                                   cstackCOMMON 00071
TMR0_ReadTimer@readVal                            cstackCOMMON 00078
TMR0_ReadTimer@readValHigh                        cstackCOMMON 0007B
TMR0_ReadTimer@readValLow                         cstackCOMMON 0007A
TMR4_SetInterruptHandler@InterruptHandler         cstackCOMMON 00071
TubeValuePicker@start                             cstackCOMMON 00075
_ANSELA                                           (abs)        01F38
_ANSELB                                           (abs)        01F43
_ANSELC                                           (abs)        01F4E
_Action                                           bitbssCOMMON 003E5
_AnimBuf                                          bssBANK0     00028
_BCD2Bin                                          text33       00D81
_BCDSetInc                                        text25       003CD
_BCDSplit                                         bssBANK0     00038
_BlankEnd                                         bssBANK0     00048
_BlankEndStore                                    idataEEDATA  00078
_BlankStart                                       bssBANK0     00049
_BlankStartStore                                  idataEEDATA  00079
_Brightness                                       bssBANK0     00051
_BrightnessStore                                  idataEEDATA  0007B
_Buttons                                          text36       00F92
_CCPTMRS1bits                                     (abs)        0021F
_DMDisplay                                        text34       004CF
_DateDisplay                                      text18       005A7
_DateFormat                                       bssBANK0     00052
_DateFormatStore                                  bssEEDATA    0007F
_DisplayBuf                                       bssBANK0     00030
_DisplayBufSave                                   text53       00D9F
_DisplaySave                                      bssBANK0     00020
_EEPROMBufferFill                                 text51       00DD9
_EEPROM_Read                                      text52       00CD4
_EEPROM_Write                                     text24       00E85
_EmptyTubes                                       text50       00D72
_FixedWL                                          text40       0053C
_GoDM                                             bitbssCOMMON 003E3
_GoDate                                           bitbssCOMMON 003E4
_HourType                                         bssBANK0     00050
_HourTypeStore                                    idataEEDATA  0007A
_I2C1_CallbackReturnReset                         (abs)        00000
_I2C1_CallbackReturnStop                          (abs)        00000
_I2C1_DO_ADDRESS_NACK                             (abs)        00000
_I2C1_DO_IDLE                                     (abs)        00000
_I2C1_DO_RCEN                                     (abs)        00000
_I2C1_DO_RESET                                    (abs)        00000
_I2C1_DO_RX                                       (abs)        00000
_I2C1_DO_RX_ACK                                   (abs)        00000
_I2C1_DO_RX_NACK_RESTART                          (abs)        00000
_I2C1_DO_RX_NACK_STOP                             (abs)        00000
_I2C1_DO_SEND_ADR_READ                            (abs)        00000
_I2C1_DO_SEND_ADR_WRITE                           (abs)        00000
_I2C1_DO_SEND_RESTART                             (abs)        00000
_I2C1_DO_SEND_RESTART_READ                        (abs)        00000
_I2C1_DO_SEND_RESTART_WRITE                       (abs)        00000
_I2C1_DO_SEND_STOP                                (abs)        00000
_I2C1_DO_TX                                       (abs)        00000
_I2C1_DO_TX_EMPTY                                 (abs)        00000
_I2C1_Initialize                                  text17       006F9
_I2C1_Status                                      bssBANK1     000A0
_I2CClose                                         text31       00CBA
_I2CFail                                          text30       00D2D
_I2CIrqWait                                       text32       00C9D
_I2COpen                                          text29       00E69
_I2CRead                                          text28       00F05
_I2CWrite                                         text27       00DB1
_INLVLA                                           (abs)        01F3C
_INLVLB                                           (abs)        01F47
_INLVLC                                           (abs)        01F52
_INTCONbits                                       (abs)        0000B
_INTERRUPT_InterruptManager                       intentry     00004
_IOCCFbits                                        (abs)        01F55
_IOCCNbits                                        (abs)        01F54
_IOCCPbits                                        (abs)        01F53
_LATA                                             (abs)        00018
_LATAbits                                         (abs)        00018
_LATB                                             (abs)        00019
_LATBbits                                         (abs)        00019
_LATC                                             (abs)        0001A
_LATCbits                                         (abs)        0001A
_Loader                                           text49       00FC8
_NVMADRH                                          (abs)        0081B
_NVMADRL                                          (abs)        0081A
_NVMCON1bits                                      (abs)        0081E
_NVMCON2                                          (abs)        0081F
_NVMDATH                                          (abs)        0081D
_NVMDATL                                          (abs)        0081C
_NegWL                                            bitbssCOMMON 003E6
_NumSplit                                         text23       00D90
_ODCONA                                           (abs)        01F3A
_ODCONB                                           (abs)        01F45
_ODCONC                                           (abs)        01F50
_OSCCON1                                          (abs)        0088D
_OSCCON3                                          (abs)        0088F
_OSCEN                                            (abs)        00891
_OSCFRQ                                           (abs)        00893
_OSCILLATOR_Initialize                            text16       00CCB
_OSCTUNE                                          (abs)        00892
_OldSet                                           bssBANK0     00046
_OtherSetInc                                      text20       0033C
_PIE0bits                                         (abs)        00716
_PIE3bits                                         (abs)        00719
_PIE4bits                                         (abs)        0071A
_PIN_MANAGER_IOC                                  text58       00D63
_PIN_MANAGER_Initialize                           text15       007C3
_PIR0bits                                         (abs)        0070C
_PIR3bits                                         (abs)        0070F
_PIR4bits                                         (abs)        00710
_PMD0                                             (abs)        00796
_PMD1                                             (abs)        00797
_PMD2                                             (abs)        00798
_PMD3                                             (abs)        00799
_PMD4                                             (abs)        0079A
_PMD5                                             (abs)        0079B
_PMD6                                             (abs)        0079C
_PMD7                                             (abs)        0079D
_PMD_Initialize                                   text14       00CDE
_PORTBbits                                        (abs)        0000D
_PORTCbits                                        (abs)        0000E
_PWM6CON                                          (abs)        0038E
_PWM6CONbits                                      (abs)        0038E
_PWM6DCH                                          (abs)        0038D
_PWM6DCL                                          (abs)        0038C
_PWM6_Initialize                                  text13       00D15
_PWM6_LoadDutyValue                               text48       00E05
_Pos                                              bssBANK0     0004B
_Pulse                                            text47       006B0
_RB4PPS                                           (abs)        01F1C
_RB6PPS                                           (abs)        01F1E
_RC4PPS                                           (abs)        01F24
_RandomNum                                        text41       00EC1
_RandomWL                                         text39       002A6
_RunLength                                        dataBANK2    00120
_SLRCONA                                          (abs)        01F3B
_SLRCONB                                          (abs)        01F46
_SLRCONC                                          (abs)        01F51
_SSP1ADD                                          (abs)        0018D
_SSP1BUF                                          (abs)        0018C
_SSP1CLKPPS                                       (abs)        01EC5
_SSP1CON1                                         (abs)        00190
_SSP1CON1bits                                     (abs)        00190
_SSP1CON2                                         (abs)        00191
_SSP1CON2bits                                     (abs)        00191
_SSP1DATPPS                                       (abs)        01EC6
_SSP1STAT                                         (abs)        0018F
_STATUSbits                                       (abs)        00003
_SW1Interrupt                                     text60       00CFD
_SW2Interrupt                                     text59       00D09
_SYSTEM_Initialize                                text8        00E1D
_Settings                                         text19       00195
_SplitLoad                                        text26       00D47
_Startup                                          text2        00451
_StartupDone                                      bitbssCOMMON 003E0
_T0CON0                                           (abs)        0059E
_T0CON0bits                                       (abs)        0059E
_T0CON1                                           (abs)        0059F
_T2CLKCON                                         (abs)        00290
_T2CON                                            (abs)        0028E
_T2HLT                                            (abs)        0028F
_T2PR                                             (abs)        0028D
_T2RST                                            (abs)        00291
_T2TMR                                            (abs)        0028C
_T4CLKCON                                         (abs)        00296
_T4CON                                            (abs)        00294
_T4CONbits                                        (abs)        00294
_T4HLT                                            (abs)        00295
_T4PR                                             (abs)        00293
_T4RST                                            (abs)        00297
_T4TMR                                            (abs)        00292
_TMR0H                                            (abs)        0059D
_TMR0L                                            (abs)        0059C
_TMR0_Initialize                                  text12       00DC5
_TMR0_ReadTimer                                   text46       00E35
_TMR0_StartTimer                                  text7        00002
_TMR2_Initialize                                  text11       00D55
_TMR4_CallBack                                    text56       00CF2
_TMR4_DefaultInterruptHandler                     text57       00C98
_TMR4_ISR                                         text55       00C94
_TMR4_Initialize                                  text9        00DEF
_TMR4_InterruptHandler                            bssBANK0     0003C
_TMR4_SetInterruptHandler                         text10       00CA2
_TMR4_Start                                       text38       00C8E
_TMR4_Stop                                        text37       00C91
_TRISA                                            (abs)        00012
_TRISB                                            (abs)        00013
_TRISC                                            (abs)        00014
_Temp                                             bssBANK0     00047
_TimeAdj                                          bssBANK0     0003A
_TimeAdjStore                                     bssEEDATA    0007D
_TimeFast                                         bssBANK0     0004A
_TimeFastStore                                    idataEEDATA  0007C
_TimeSet                                          bitbssCOMMON 003E1
_Toggle                                           bitbssCOMMON 003E2
_TubeValuePicker                                  text35       00603
_TubesOff                                         text1        00CA8
_TubesOn                                          text6        00EE1
_WPUA                                             (abs)        01F39
_WPUB                                             (abs)        01F44
_WPUC                                             (abs)        01F4F
__Beeprom_data                                    eeprom_data  0F000
__Habs1                                           abs1         00000
__Hbank0                                          bank0        00000
__Hbank1                                          bank1        00000
__Hbank10                                         bank10       00000
__Hbank11                                         bank11       00000
__Hbank12                                         bank12       00000
__Hbank13                                         bank13       00000
__Hbank14                                         bank14       00000
__Hbank15                                         bank15       00000
__Hbank16                                         bank16       00000
__Hbank17                                         bank17       00000
__Hbank18                                         bank18       00000
__Hbank19                                         bank19       00000
__Hbank2                                          bank2        00000
__Hbank20                                         bank20       00000
__Hbank21                                         bank21       00000
__Hbank22                                         bank22       00000
__Hbank23                                         bank23       00000
__Hbank24                                         bank24       00000
__Hbank25                                         bank25       00000
__Hbank26                                         bank26       00000
__Hbank27                                         bank27       00000
__Hbank28                                         bank28       00000
__Hbank29                                         bank29       00000
__Hbank3                                          bank3        00000
__Hbank30                                         bank30       00000
__Hbank31                                         bank31       00000
__Hbank32                                         bank32       00000
__Hbank33                                         bank33       00000
__Hbank34                                         bank34       00000
__Hbank35                                         bank35       00000
__Hbank36                                         bank36       00000
__Hbank37                                         bank37       00000
__Hbank38                                         bank38       00000
__Hbank39                                         bank39       00000
__Hbank4                                          bank4        00000
__Hbank40                                         bank40       00000
__Hbank41                                         bank41       00000
__Hbank42                                         bank42       00000
__Hbank43                                         bank43       00000
__Hbank44                                         bank44       00000
__Hbank45                                         bank45       00000
__Hbank46                                         bank46       00000
__Hbank47                                         bank47       00000
__Hbank48                                         bank48       00000
__Hbank49                                         bank49       00000
__Hbank5                                          bank5        00000
__Hbank50                                         bank50       00000
__Hbank51                                         bank51       00000
__Hbank52                                         bank52       00000
__Hbank53                                         bank53       00000
__Hbank54                                         bank54       00000
__Hbank55                                         bank55       00000
__Hbank56                                         bank56       00000
__Hbank57                                         bank57       00000
__Hbank58                                         bank58       00000
__Hbank59                                         bank59       00000
__Hbank6                                          bank6        00000
__Hbank60                                         bank60       00000
__Hbank61                                         bank61       00000
__Hbank62                                         bank62       00000
__Hbank63                                         bank63       00000
__Hbank7                                          bank7        00000
__Hbank8                                          bank8        00000
__Hbank9                                          bank9        00000
__Hbigram                                         bigram       00000
__HbitbssCOMMON                                   bitbssCOMMON 00000
__HbssBANK0                                       bssBANK0     00000
__HbssBANK1                                       bssBANK1     00000
__HbssEEDATA                                      bssEEDATA    00000
__Hcinit                                          cinit        00045
__Hclrtext                                        clrtext      00000
__Hcode                                           code         00000
__Hcommon                                         common       00000
__Hconfig                                         config       0800C
__HcstackBANK0                                    cstackBANK0  00000
__HcstackCOMMON                                   cstackCOMMON 00000
__HdataBANK1                                      dataBANK1    00000
__HdataBANK2                                      dataBANK2    00000
__HdataEEDATA                                     dataEEDATA   00000
__Heeprom_data                                    eeprom_data  00078
__Hend_init                                       end_init     00019
__Hfunctab                                        functab      00000
__Hheap                                           heap         00000
__HidataBANK1                                     idataBANK1   00000
__HidataBANK2                                     idataBANK2   00000
__HidataEEDATA                                    idataEEDATA  00000
__Hidloc                                          idloc        08004
__Hinit                                           init         00017
__Hinittext                                       inittext     00000
__Hintentry                                       intentry     00017
__Hmaintext                                       maintext     00000
__Hpowerup                                        powerup      00000
__Hram                                            ram          00000
__Hreset_vec                                      reset_vec    00002
__Hsfr0                                           sfr0         00000
__Hsfr1                                           sfr1         00000
__Hsfr10                                          sfr10        00000
__Hsfr11                                          sfr11        00000
__Hsfr12                                          sfr12        00000
__Hsfr13                                          sfr13        00000
__Hsfr14                                          sfr14        00000
__Hsfr15                                          sfr15        00000
__Hsfr16                                          sfr16        00000
__Hsfr17                                          sfr17        00000
__Hsfr18                                          sfr18        00000
__Hsfr19                                          sfr19        00000
__Hsfr2                                           sfr2         00000
__Hsfr20                                          sfr20        00000
__Hsfr21                                          sfr21        00000
__Hsfr22                                          sfr22        00000
__Hsfr23                                          sfr23        00000
__Hsfr24                                          sfr24        00000
__Hsfr25                                          sfr25        00000
__Hsfr26                                          sfr26        00000
__Hsfr27                                          sfr27        00000
__Hsfr28                                          sfr28        00000
__Hsfr29                                          sfr29        00000
__Hsfr3                                           sfr3         00000
__Hsfr30                                          sfr30        00000
__Hsfr31                                          sfr31        00000
__Hsfr32                                          sfr32        00000
__Hsfr33                                          sfr33        00000
__Hsfr34                                          sfr34        00000
__Hsfr35                                          sfr35        00000
__Hsfr36                                          sfr36        00000
__Hsfr37                                          sfr37        00000
__Hsfr38                                          sfr38        00000
__Hsfr39                                          sfr39        00000
__Hsfr4                                           sfr4         00000
__Hsfr40                                          sfr40        00000
__Hsfr41                                          sfr41        00000
__Hsfr42                                          sfr42        00000
__Hsfr43                                          sfr43        00000
__Hsfr44                                          sfr44        00000
__Hsfr45                                          sfr45        00000
__Hsfr46                                          sfr46        00000
__Hsfr47                                          sfr47        00000
__Hsfr48                                          sfr48        00000
__Hsfr49                                          sfr49        00000
__Hsfr5                                           sfr5         00000
__Hsfr50                                          sfr50        00000
__Hsfr51                                          sfr51        00000
__Hsfr52                                          sfr52        00000
__Hsfr53                                          sfr53        00000
__Hsfr54                                          sfr54        00000
__Hsfr55                                          sfr55        00000
__Hsfr56                                          sfr56        00000
__Hsfr57                                          sfr57        00000
__Hsfr58                                          sfr58        00000
__Hsfr59                                          sfr59        00000
__Hsfr6                                           sfr6         00000
__Hsfr60                                          sfr60        00000
__Hsfr61                                          sfr61        00000
__Hsfr62                                          sfr62        00000
__Hsfr63                                          sfr63        00000
__Hsfr7                                           sfr7         00000
__Hsfr8                                           sfr8         00000
__Hsfr9                                           sfr9         00000
__Hspace_0                                        (abs)        01000
__Hspace_1                                        (abs)        003E7
__Hspace_2                                        (abs)        00000
__Hspace_3                                        (abs)        00080
__Hspace_4                                        (abs)        10013
__Hstack                                          stack        00000
__Hstrings                                        strings      00000
__Hstringtext1                                    stringtext1  00000
__Htext                                           text         00000
__Labs1                                           abs1         00000
__Lbank0                                          bank0        00000
__Lbank1                                          bank1        00000
__Lbank10                                         bank10       00000
__Lbank11                                         bank11       00000
__Lbank12                                         bank12       00000
__Lbank13                                         bank13       00000
__Lbank14                                         bank14       00000
__Lbank15                                         bank15       00000
__Lbank16                                         bank16       00000
__Lbank17                                         bank17       00000
__Lbank18                                         bank18       00000
__Lbank19                                         bank19       00000
__Lbank2                                          bank2        00000
__Lbank20                                         bank20       00000
__Lbank21                                         bank21       00000
__Lbank22                                         bank22       00000
__Lbank23                                         bank23       00000
__Lbank24                                         bank24       00000
__Lbank25                                         bank25       00000
__Lbank26                                         bank26       00000
__Lbank27                                         bank27       00000
__Lbank28                                         bank28       00000
__Lbank29                                         bank29       00000
__Lbank3                                          bank3        00000
__Lbank30                                         bank30       00000
__Lbank31                                         bank31       00000
__Lbank32                                         bank32       00000
__Lbank33                                         bank33       00000
__Lbank34                                         bank34       00000
__Lbank35                                         bank35       00000
__Lbank36                                         bank36       00000
__Lbank37                                         bank37       00000
__Lbank38                                         bank38       00000
__Lbank39                                         bank39       00000
__Lbank4                                          bank4        00000
__Lbank40                                         bank40       00000
__Lbank41                                         bank41       00000
__Lbank42                                         bank42       00000
__Lbank43                                         bank43       00000
__Lbank44                                         bank44       00000
__Lbank45                                         bank45       00000
__Lbank46                                         bank46       00000
__Lbank47                                         bank47       00000
__Lbank48                                         bank48       00000
__Lbank49                                         bank49       00000
__Lbank5                                          bank5        00000
__Lbank50                                         bank50       00000
__Lbank51                                         bank51       00000
__Lbank52                                         bank52       00000
__Lbank53                                         bank53       00000
__Lbank54                                         bank54       00000
__Lbank55                                         bank55       00000
__Lbank56                                         bank56       00000
__Lbank57                                         bank57       00000
__Lbank58                                         bank58       00000
__Lbank59                                         bank59       00000
__Lbank6                                          bank6        00000
__Lbank60                                         bank60       00000
__Lbank61                                         bank61       00000
__Lbank62                                         bank62       00000
__Lbank63                                         bank63       00000
__Lbank7                                          bank7        00000
__Lbank8                                          bank8        00000
__Lbank9                                          bank9        00000
__Lbigram                                         bigram       00000
__LbitbssCOMMON                                   bitbssCOMMON 00000
__LbssBANK0                                       bssBANK0     00000
__LbssBANK1                                       bssBANK1     00000
__LbssEEDATA                                      bssEEDATA    00000
__Lcinit                                          cinit        00019
__Lclrtext                                        clrtext      00000
__Lcode                                           code         00000
__Lcommon                                         common       00000
__Lconfig                                         config       00000
__LcstackBANK0                                    cstackBANK0  00000
__LcstackCOMMON                                   cstackCOMMON 00000
__LdataBANK1                                      dataBANK1    00000
__LdataBANK2                                      dataBANK2    00000
__LdataEEDATA                                     dataEEDATA   00000
__Leeprom_data                                    eeprom_data  00000
__Lend_init                                       end_init     00017
__Lfunctab                                        functab      00000
__Lheap                                           heap         00000
__LidataBANK1                                     idataBANK1   00000
__LidataBANK2                                     idataBANK2   00000
__LidataEEDATA                                    idataEEDATA  00000
__Lidloc                                          idloc        00000
__Linit                                           init         00017
__Linittext                                       inittext     00000
__Lintentry                                       intentry     00004
__Lmaintext                                       maintext     00000
__Lpowerup                                        powerup      00000
__Lram                                            ram          00000
__Lreset_vec                                      reset_vec    00000
__Lsfr0                                           sfr0         00000
__Lsfr1                                           sfr1         00000
__Lsfr10                                          sfr10        00000
__Lsfr11                                          sfr11        00000
__Lsfr12                                          sfr12        00000
__Lsfr13                                          sfr13        00000
__Lsfr14                                          sfr14        00000
__Lsfr15                                          sfr15        00000
__Lsfr16                                          sfr16        00000
__Lsfr17                                          sfr17        00000
__Lsfr18                                          sfr18        00000
__Lsfr19                                          sfr19        00000
__Lsfr2                                           sfr2         00000
__Lsfr20                                          sfr20        00000
__Lsfr21                                          sfr21        00000
__Lsfr22                                          sfr22        00000
__Lsfr23                                          sfr23        00000
__Lsfr24                                          sfr24        00000
__Lsfr25                                          sfr25        00000
__Lsfr26                                          sfr26        00000
__Lsfr27                                          sfr27        00000
__Lsfr28                                          sfr28        00000
__Lsfr29                                          sfr29        00000
__Lsfr3                                           sfr3         00000
__Lsfr30                                          sfr30        00000
__Lsfr31                                          sfr31        00000
__Lsfr32                                          sfr32        00000
__Lsfr33                                          sfr33        00000
__Lsfr34                                          sfr34        00000
__Lsfr35                                          sfr35        00000
__Lsfr36                                          sfr36        00000
__Lsfr37                                          sfr37        00000
__Lsfr38                                          sfr38        00000
__Lsfr39                                          sfr39        00000
__Lsfr4                                           sfr4         00000
__Lsfr40                                          sfr40        00000
__Lsfr41                                          sfr41        00000
__Lsfr42                                          sfr42        00000
__Lsfr43                                          sfr43        00000
__Lsfr44                                          sfr44        00000
__Lsfr45                                          sfr45        00000
__Lsfr46                                          sfr46        00000
__Lsfr47                                          sfr47        00000
__Lsfr48                                          sfr48        00000
__Lsfr49                                          sfr49        00000
__Lsfr5                                           sfr5         00000
__Lsfr50                                          sfr50        00000
__Lsfr51                                          sfr51        00000
__Lsfr52                                          sfr52        00000
__Lsfr53                                          sfr53        00000
__Lsfr54                                          sfr54        00000
__Lsfr55                                          sfr55        00000
__Lsfr56                                          sfr56        00000
__Lsfr57                                          sfr57        00000
__Lsfr58                                          sfr58        00000
__Lsfr59                                          sfr59        00000
__Lsfr6                                           sfr6         00000
__Lsfr60                                          sfr60        00000
__Lsfr61                                          sfr61        00000
__Lsfr62                                          sfr62        00000
__Lsfr63                                          sfr63        00000
__Lsfr7                                           sfr7         00000
__Lsfr8                                           sfr8         00000
__Lsfr9                                           sfr9         00000
__Lspace_0                                        (abs)        00000
__Lspace_1                                        (abs)        00000
__Lspace_2                                        (abs)        00000
__Lspace_3                                        (abs)        00000
__Lspace_4                                        (abs)        00000
__Lstack                                          stack        00000
__Lstrings                                        strings      00000
__Lstringtext1                                    stringtext1  00000
__Ltext                                           text         00000
__S0                                              (abs)        01000
__S1                                              (abs)        00160
__S3                                              (abs)        0F080
___awdiv                                          text22       0065F
___awdiv@counter                                  cstackBANK0  00053
___awdiv@dividend                                 cstackCOMMON 00079
___awdiv@divisor                                  cstackCOMMON 00077
___awdiv@quotient                                 cstackBANK0  00055
___awdiv@sign                                     cstackBANK0  00054
___awmod                                          text45       0073E
___awmod@counter                                  cstackCOMMON 0007A
___awmod@dividend                                 cstackBANK0  0005F
___awmod@divisor                                  cstackBANK0  0005D
___awmod@sign                                     cstackCOMMON 0007B
___eecpymem                                       text5        00EA2
___eecpymem@cp                                    cstackCOMMON 00074
___eecpymem@from                                  cstackCOMMON 00071
___eecpymem@size                                  cstackCOMMON 00072
___eecpymem@to                                    cstackCOMMON 00075
___eetoc                                          text4        00CE8
___eetoc@addr                                     cstackCOMMON 00077
___eetoc@data                                     cstackCOMMON 00076
___eetoi                                          text3        00D3A
___eetoi@addr                                     cstackCOMMON 00078
___eetoi@data                                     cstackCOMMON 00079
___heap_hi                                        (abs)        00000
___heap_lo                                        (abs)        00000
___int_sp                                         stack        00000
___latbits                                        (abs)        00001
___lmul                                           text44       00F30
___lmul@multiplicand                              cstackCOMMON 00075
___lmul@multiplier                                cstackCOMMON 00071
___lmul@product                                   cstackBANK0  00053
___sp                                             stack        00000
___stackhi                                        (abs)        00000
___stacklo                                        (abs)        00000
___wmul                                           text21       00E4E
___wmul@multiplicand                              cstackCOMMON 00073
___wmul@multiplier                                cstackCOMMON 00071
___wmul@product                                   cstackCOMMON 00075
__end_of_BCD2Bin                                  text33       00D90
__end_of_BCDSetInc                                text25       00451
__end_of_Buttons                                  text36       00FC8
__end_of_DMDisplay                                text34       0053C
__end_of_DateDisplay                              text18       00603
__end_of_DisplayBufSave                           text53       00DB1
__end_of_EEPROMBufferFill                         text51       00DEF
__end_of_EEPROM_Read                              text52       00CDE
__end_of_EEPROM_Write                             text24       00EA2
__end_of_EmptyTubes                               text50       00D81
__end_of_FixedWL                                  text40       005A7
__end_of_I2C1_Initialize                          text17       0073E
__end_of_I2CClose                                 text31       00CC2
__end_of_I2CFail                                  text30       00D3A
__end_of_I2CIrqWait                               text32       00CA2
__end_of_I2COpen                                  text29       00E85
__end_of_I2CRead                                  text28       00F30
__end_of_I2CWrite                                 text27       00DC5
__end_of_INTERRUPT_InterruptManager               intentry     00017
__end_of_Loader                                   text49       01000
__end_of_NumSplit                                 text23       00D9F
__end_of_OSCILLATOR_Initialize                    text16       00CD4
__end_of_OtherSetInc                              text20       003CD
__end_of_PIN_MANAGER_IOC                          text58       00D72
__end_of_PIN_MANAGER_Initialize                   text15       007FB
__end_of_PMD_Initialize                           text14       00CE8
__end_of_PWM6_Initialize                          text13       00D21
__end_of_PWM6_LoadDutyValue                       text48       00E1D
__end_of_Pulse                                    text47       006F9
__end_of_RandomNum                                text41       00EE1
__end_of_RandomWL                                 text39       0033C
__end_of_SW1Interrupt                             text60       00D09
__end_of_SW2Interrupt                             text59       00D15
__end_of_SYSTEM_Initialize                        text8        00E35
__end_of_Settings                                 text19       002A6
__end_of_SplitLoad                                text26       00D55
__end_of_Startup                                  text2        004CF
__end_of_TMR0_Initialize                          text12       00DD9
__end_of_TMR0_ReadTimer                           text46       00E4E
__end_of_TMR0_StartTimer                          text7        00004
__end_of_TMR2_Initialize                          text11       00D63
__end_of_TMR4_CallBack                            text56       00CFD
__end_of_TMR4_DefaultInterruptHandler             text57       00C9D
__end_of_TMR4_ISR                                 text55       00C98
__end_of_TMR4_Initialize                          text9        00E05
__end_of_TMR4_SetInterruptHandler                 text10       00CA8
__end_of_TMR4_Start                               text38       00C91
__end_of_TMR4_Stop                                text37       00C94
__end_of_TubeValuePicker                          text35       0065F
__end_of_TubesOff                                 text1        00CAE
__end_of_TubesOn                                  text6        00F05
__end_of___awdiv                                  text22       006B0
__end_of___awmod                                  text45       00783
__end_of___eecpymem                               text5        00EC1
__end_of___eetoc                                  text4        00CF2
__end_of___eetoi                                  text3        00D47
__end_of___lmul                                   text44       00F5F
__end_of___wmul                                   text21       00E69
__end_of__initialization                          cinit        00041
__end_of_i2c1_fsmStateTable                       stringtext1  0081B
__end_of_main                                     maintext     00195
__end_of_rand                                     text43       00F92
__end_of_srand                                    text42       00CCB
__initialization                                  cinit        00019
__pbitbssCOMMON                                   bitbssCOMMON 003E0
__pbssBANK0                                       bssBANK0     00020
__pbssBANK1                                       bssBANK1     000A0
__pbssEEDATA                                      bssEEDATA    0007D
__pcstackBANK0                                    cstackBANK0  00053
__pcstackCOMMON                                   cstackCOMMON 00070
__pdataBANK1                                      dataBANK1    000BD
__pdataBANK2                                      dataBANK2    00120
__pdataEEDATA                                     dataEEDATA   00000
__pidataBANK1                                     idataBANK1   00D21
__pidataBANK2                                     idataBANK2   00783
__pidataEEDATA                                    idataEEDATA  00078
__pintentry                                       intentry     00004
__pmaintext                                       maintext     00045
__pstringtext1                                    stringtext1  007FB
__ptext1                                          text1        00CA8
__ptext10                                         text10       00CA2
__ptext11                                         text11       00D55
__ptext12                                         text12       00DC5
__ptext13                                         text13       00D15
__ptext14                                         text14       00CDE
__ptext15                                         text15       007C3
__ptext16                                         text16       00CCB
__ptext17                                         text17       006F9
__ptext18                                         text18       005A7
__ptext19                                         text19       00195
__ptext2                                          text2        00451
__ptext20                                         text20       0033C
__ptext21                                         text21       00E4E
__ptext22                                         text22       0065F
__ptext23                                         text23       00D90
__ptext24                                         text24       00E85
__ptext25                                         text25       003CD
__ptext26                                         text26       00D47
__ptext27                                         text27       00DB1
__ptext28                                         text28       00F05
__ptext29                                         text29       00E69
__ptext3                                          text3        00D3A
__ptext30                                         text30       00D2D
__ptext31                                         text31       00CBA
__ptext32                                         text32       00C9D
__ptext33                                         text33       00D81
__ptext34                                         text34       004CF
__ptext35                                         text35       00603
__ptext36                                         text36       00F92
__ptext37                                         text37       00C91
__ptext38                                         text38       00C8E
__ptext39                                         text39       002A6
__ptext4                                          text4        00CE8
__ptext40                                         text40       0053C
__ptext41                                         text41       00EC1
__ptext42                                         text42       00CC2
__ptext43                                         text43       00F5F
__ptext44                                         text44       00F30
__ptext45                                         text45       0073E
__ptext46                                         text46       00E35
__ptext47                                         text47       006B0
__ptext48                                         text48       00E05
__ptext49                                         text49       00FC8
__ptext5                                          text5        00EA2
__ptext50                                         text50       00D72
__ptext51                                         text51       00DD9
__ptext52                                         text52       00CD4
__ptext53                                         text53       00D9F
__ptext55                                         text55       00C94
__ptext56                                         text56       00CF2
__ptext57                                         text57       00C98
__ptext58                                         text58       00D63
__ptext59                                         text59       00D09
__ptext6                                          text6        00EE1
__ptext60                                         text60       00CFD
__ptext7                                          text7        00002
__ptext8                                          text8        00E1D
__ptext9                                          text9        00DEF
_buttoncounter                                    bssBANK0     0003E
_main                                             maintext     00045
_rand                                             text43       00F5F
_rd1RegCompleteHandler                            (abs)        00000
_rd1RegCompleteHandler@i2c1_master_example$F143   (abs)        00000
_rd2RegCompleteHandler                            (abs)        00000
_rd2RegCompleteHandler@i2c1_master_example$F154   (abs)        00000
_rdBlkRegCompleteHandler                          (abs)        00000
_rdBlkRegCompleteHandler@i2c1_master_example$F177 (abs)        00000
_seed                                             bssBANK0     0004C
_srand                                            text42       00CC2
_timer0ReloadVal16bit                             bssBANK0     00040
_wr1RegCompleteHandler                            (abs)        00000
_wr1RegCompleteHandler@i2c1_master_example$F160   (abs)        00000
_wr2RegCompleteHandler                            (abs)        00000
_wr2RegCompleteHandler@i2c1_master_example$F166   (abs)        00000
btemp                                             (abs)        0007E
clear_ram0                                        clrtext      00CAE
end_of_initialization                             cinit        00041
init_ram                                          inittext     00CB4
int$flags                                         (abs)        0007E
intlevel0                                         functab      00000
intlevel1                                         functab      00000
intlevel2                                         functab      00000
intlevel3                                         functab      00000
intlevel4                                         functab      00000
intlevel5                                         functab      00000
main@newsec                                       cstackBANK0  0006F
main@oldsec                                       cstackBANK0  0006C
main@shift                                        cstackBANK0  0006E
main@spincount                                    cstackBANK0  0006D
reset_vec                                         reset_vec    00000
srand@s                                           cstackBANK0  00053
start                                             init         00017
start_initialization                              cinit        00019
wtemp0                                            (abs)        0007E


MODULE INFORMATION

Module		Function		Class		Link	Load	Size
C:\Program Files\Microchip\xc8\v2.40\pic\sources\c99\pic\__eeprom.c
		___eetoc       		CODE           	0CE8	0000	10
		___eetoi       		CODE           	0D3A	0000	13
		___eecpymem    		CODE           	0EA2	0000	31

C:\Program Files\Microchip\xc8\v2.40\pic\sources\c99\pic\__eeprom.c estimated size: 54

Subroutines.c
		_TubesOn       		CODE           	0EE1	0000	36
		_DisplayBufSave		CODE           	0D9F	0000	18
		_EmptyTubes    		CODE           	0D72	0000	15
		_OtherSetInc   		CODE           	033C	0000	145
		_EEPROM_Read   		CODE           	0CD4	0000	10
		_EEPROM_Write  		CODE           	0E85	0000	29
		_I2COpen       		CODE           	0E69	0000	28
		_Buttons       		CODE           	0F92	0000	54
		_FixedWL       		CODE           	053C	0000	107
		_Pulse         		CODE           	06B0	0000	73
		_EEPROMBufferFill		CODE           	0DD9	0000	22
		_I2CRead       		CODE           	0F05	0000	43
		_TubeValuePicker		CODE           	0603	0000	92
		_I2CIrqWait    		CODE           	0C9D	0000	5
		_I2CClose      		CODE           	0CBA	0000	8
		_SplitLoad     		CODE           	0D47	0000	14
		_TubesOff      		CODE           	0CA8	0000	6
		_BCD2Bin       		CODE           	0D81	0000	15
		_SW1Interrupt  		CODE           	0CFD	0000	12
		_RandomNum     		CODE           	0EC1	0000	32
		_Loader        		CODE           	0FC8	0000	56
		_SW2Interrupt  		CODE           	0D09	0000	12
		_BCDSetInc     		CODE           	03CD	0000	132
		_RandomWL      		CODE           	02A6	0000	150
		_I2CWrite      		CODE           	0DB1	0000	20
		_NumSplit      		CODE           	0D90	0000	15
		_I2CFail       		CODE           	0D2D	0000	13

Subroutines.c estimated size: 1162

C:\Program Files\Microchip\xc8\v2.40\pic\sources\c99\common\awdiv.c
		___awdiv       		CODE           	065F	0000	81

C:\Program Files\Microchip\xc8\v2.40\pic\sources\c99\common\awdiv.c estimated size: 81

C:\Program Files\Microchip\xc8\v2.40\pic\sources\c99\common\rand.c
		_srand         		CODE           	0CC2	0000	9
		_rand          		CODE           	0F5F	0000	51

C:\Program Files\Microchip\xc8\v2.40\pic\sources\c99\common\rand.c estimated size: 60

mcc_generated_files/pwm6.c
		_PWM6_LoadDutyValue		CODE           	0E05	0000	24
		_PWM6_Initialize		CODE           	0D15	0000	12

mcc_generated_files/pwm6.c estimated size: 36

mcc_generated_files/tmr4.c
		_TMR4_ISR      		CODE           	0C94	0000	4
		_TMR4_Initialize		CODE           	0DEF	0000	22
		_TMR4_Stop     		CODE           	0C91	0000	3
		_TMR4_Start    		CODE           	0C8E	0000	3
		_TMR4_SetInterruptHandler		CODE           	0CA2	0000	6
		_TMR4_DefaultInterruptHandler		CODE           	0C98	0000	5
		_TMR4_CallBack 		CODE           	0CF2	0000	11

mcc_generated_files/tmr4.c estimated size: 54

mcc_generated_files/i2c1_master.c
		_I2C1_Initialize		CODE           	06F9	0000	69

mcc_generated_files/i2c1_master.c estimated size: 69

C:\Program Files\Microchip\xc8\v2.40\pic\sources\c99\common\Umul16.c
		___wmul        		CODE           	0E4E	0000	27

C:\Program Files\Microchip\xc8\v2.40\pic\sources\c99\common\Umul16.c estimated size: 27

mcc_generated_files/tmr2.c
		_TMR2_Initialize		CODE           	0D55	0000	14

mcc_generated_files/tmr2.c estimated size: 14

mcc_generated_files/interrupt_manager.c
		_INTERRUPT_InterruptManager		CODE           	0004	0000	19

mcc_generated_files/interrupt_manager.c estimated size: 19

mcc_generated_files/tmr0.c
		_TMR0_StartTimer		CODE           	0002	0000	2
		_TMR0_ReadTimer		CODE           	0E35	0000	25
		_TMR0_Initialize		CODE           	0DC5	0000	20

mcc_generated_files/tmr0.c estimated size: 47

mcc_generated_files/pin_manager.c
		_PIN_MANAGER_Initialize		CODE           	07C3	0000	56
		_PIN_MANAGER_IOC		CODE           	0D63	0000	15

mcc_generated_files/pin_manager.c estimated size: 71

C:\Program Files\Microchip\xc8\v2.40\pic\sources\c99\common\Umul32.c
		___lmul        		CODE           	0F30	0000	47

C:\Program Files\Microchip\xc8\v2.40\pic\sources\c99\common\Umul32.c estimated size: 47

shared
		__initialization		CODE           	0019	0000	40
		_i2c1_fsmStateTable		STRCODE        	0000	0000	0

shared estimated size: 40

mcc_generated_files/mcc.c
		_PMD_Initialize		CODE           	0CDE	0000	10
		_OSCILLATOR_Initialize		CODE           	0CCB	0000	9
		_SYSTEM_Initialize		CODE           	0E1D	0000	24

mcc_generated_files/mcc.c estimated size: 43

C:\Program Files\Microchip\xc8\v2.40\pic\sources\c99\common\awmod.c
		___awmod       		CODE           	073E	0000	69

C:\Program Files\Microchip\xc8\v2.40\pic\sources\c99\common\awmod.c estimated size: 69

main.c
		_DMDisplay     		CODE           	04CF	0000	109
		_main          		CODE           	0045	0000	336
		_DateDisplay   		CODE           	05A7	0000	92
		_Startup       		CODE           	0451	0000	126
		_Settings      		CODE           	0195	0000	273

main.c estimated size: 936

